// Vitest Snapshot v1, https://vitest.dev/guide/snapshot.html

exports[`serializeTrie() > matches the snapshot when given the parsed test fixture 1`] = `
"ac
>com
,edu
,gov
,net
,mil
,org
<ad
>nom
<ae
>co
,net
,org
,sch
,ac
,gov
,mil
<aero
>airline
,airport
,accident-investigation
,accident-prevention
,aerobatic
,aeroclub
,aerodrome
,agents
,air-surveillance
,air-traffic-control
,aircraft
,airtraffic
,ambulance
,association
,author
,ballooning
,broker
,caa
,cargo
,catering
,certification
,championship
,charter
,civilaviation
,club
,conference
,consultant
,consulting
,control
,council
,crew
,design
,dgca
,educator
,emergency
,engine
,engineer
,entertainment
,equipment
,exchange
,express
,federation
,flight
,freight
,fuel
,gliding
,government
,groundhandling
,group
,hanggliding
,homebuilt
,insurance
,journal
,journalist
,leasing
,logistics
,magazine
,maintenance
,marketplace
,media
,microlight
,modelling
,navigation
,parachuting
,paragliding
,passenger-association
,pilot
,press
,production
,recreation
,repbody
,res
,research
,rotorcraft
,safety
,scientist
,services
,show
,skydiving
,software
,student
,taxi
,trader
,trading
,trainer
,union
,workinggroup
,works
<af
>gov
,com
,org
,net
,edu
<ag
>com
,org
,net
,co
,nom
<ai
>off
,com
,net
,org
<al
>com
,edu
,gov
,mil
,net
,org
<am
>co
,com
,commune
,net
,org
<ao
>ed
,gv
,og
,co
,pb
,it
<aq
,ar
>bet
,com
,coop
,edu
,gob
,gov
,int
,mil
,musica
,mutual
,net
,org
,senasa
,tur
<arpa
>e164
,in-addr
,ip6
,iris
,uri
,urn
<as
>gov
<asia
,at
>ac
>sth
<co
,gv
,or
<au
>com
,net
,org
,edu
>act
,catholic
,nsw
>schools
<nt
,qld
,sa
,tas
,vic
,wa
<gov
>qld
,sa
,tas
,vic
,wa
<asn
,id
,info
,conf
,oz
,act
,nsw
,nt
,qld
,sa
,tas
,vic
,wa
<aw
>com
<ax
,az
>com
,net
,int
,gov
,org
,edu
,info
,pp
,mil
,name
,pro
,biz
<ba
>com
,edu
,gov
,mil
,net
,org
<bb
>biz
,co
,com
,edu
,gov
,info
,net
,org
,store
,tv
<bd
>
*
<be
>ac
<bf
>gov
<bg
>a
,b
,c
,d
,e
,f
,g
,h
,i
,j
,k
,l
,m
,n
,o
,p
,q
,r
,s
,t
,u
,v
,w
,x
,y
,z
,0
,1
,2
,3
,4
,5
,6
,7
,8
,9
<bh
>com
,edu
,net
,org
,gov
<bi
>co
,com
,edu
,or
,org
<biz
,bj
>africa
,agro
,architectes
,assur
,avocats
,co
,com
,eco
,econo
,edu
,info
,loisirs
,money
,net
,org
,ote
,resto
,restaurant
,tourism
,univ
<bm
>com
,edu
,gov
,net
,org
<bn
>com
,edu
,gov
,net
,org
<bo
>com
,edu
,gob
,int
,org
,net
,mil
,tv
,web
,academia
,agro
,arte
,blog
,bolivia
,ciencia
,cooperativa
,democracia
,deporte
,ecologia
,economia
,empresa
,indigena
,industria
,info
,medicina
,movimiento
,musica
,natural
,nombre
,noticias
,patria
,politica
,profesional
,plurinacional
,pueblo
,revista
,salud
,tecnologia
,tksat
,transporte
,wiki
<br
>9guacu
,abc
,adm
,adv
,agr
,aju
,am
,anani
,aparecida
,app
,arq
,art
,ato
,b
,barueri
,belem
,bhz
,bib
,bio
,blog
,bmd
,boavista
,bsb
,campinagrande
,campinas
,caxias
,cim
,cng
,cnt
,com
,contagem
,coop
,coz
,cri
,cuiaba
,curitiba
,def
,des
,det
,dev
,ecn
,eco
,edu
,emp
,enf
,eng
,esp
,etc
,eti
,far
,feira
,flog
,floripa
,fm
,fnd
,fortal
,fot
,foz
,fst
,g12
,geo
,ggf
,goiania
,gov
>ac
,al
,am
,ap
,ba
,ce
,df
,es
,go
,ma
,mg
,ms
,mt
,pa
,pb
,pe
,pi
,pr
,rj
,rn
,ro
,rr
,rs
,sc
,se
,sp
,to
<gru
,imb
,ind
,inf
,jab
,jampa
,jdf
,joinville
,jor
,jus
,leg
,lel
,log
,londrina
,macapa
,maceio
,manaus
,maringa
,mat
,med
,mil
,morena
,mp
,mus
,natal
,net
,niteroi
,nom
>
*
<not
,ntr
,odo
,ong
,org
,osasco
,palmas
,poa
,ppg
,pro
,psc
,psi
,pvh
,qsl
,radio
,rec
,recife
,rep
,ribeirao
,rio
,riobranco
,riopreto
,salvador
,sampa
,santamaria
,santoandre
,saobernardo
,saogonca
,seg
,sjc
,slg
,slz
,sorocaba
,srv
,taxi
,tc
,tec
,teo
,the
,tmp
,trd
,tur
,tv
,udi
,vet
,vix
,vlog
,wiki
,zlg
<bs
>com
,net
,org
,edu
,gov
<bt
>com
,edu
,gov
,net
,org
<bv
,bw
>co
,org
<by
>gov
,mil
,com
,of
<bz
>com
,net
,org
,edu
,gov
<ca
>ab
,bc
,mb
,nb
,nf
,nl
,ns
,nt
,nu
,on
,pe
,qc
,sk
,yk
,gc
<cat
,cc
,cd
>gov
<cf
,cg
,ch
,ci
>org
,or
,com
,co
,edu
,ed
,ac
,net
,go
,asso
,xn--aroport-bya
,int
,presse
,md
,gouv
<ck
>
*
,
!www
<cl
>co
,gob
,gov
,mil
<cm
>co
,com
,gov
,net
<cn
>ac
,com
,edu
,gov
,net
,org
,mil
,xn--55qx5d
,xn--io0a7i
,xn--od0alg
,ah
,bj
,cq
,fj
,gd
,gs
,gz
,gx
,ha
,hb
,he
,hi
,hl
,hn
,jl
,js
,jx
,ln
,nm
,nx
,qh
,sc
,sd
,sh
,sn
,sx
,tj
,xj
,xz
,yn
,zj
,hk
,mo
,tw
<co
>arts
,com
,edu
,firm
,gov
,info
,int
,mil
,net
,nom
,org
,rec
,web
<com
,coop
,cr
>ac
,co
,ed
,fi
,go
,or
,sa
<cu
>com
,edu
,org
,net
,gov
,inf
<cv
>com
,edu
,int
,nome
,org
<cw
>com
,edu
,net
,org
<cx
>gov
<cy
>ac
,biz
,com
,ekloges
,gov
,ltd
,mil
,net
,org
,press
,pro
,tm
<cz
,de
,dj
,dk
,dm
>com
,net
,org
,edu
,gov
<do
>art
,com
,edu
,gob
,gov
,mil
,net
,org
,sld
,web
<dz
>art
,asso
,com
,edu
,gov
,org
,net
,pol
,soc
,tm
<ec
>com
,info
,net
,fin
,k12
,med
,pro
,org
,edu
,gov
,gob
,mil
<edu
,ee
>edu
,gov
,riik
,lib
,med
,com
,pri
,aip
,org
,fie
<eg
>com
,edu
,eun
,gov
,mil
,name
,net
,org
,sci
<er
>
*
<es
>com
,nom
,org
,gob
,edu
<et
>com
,gov
,org
,edu
,biz
,name
,info
,net
<eu
,fi
>aland
<fj
>ac
,biz
,com
,gov
,info
,mil
,name
,net
,org
,pro
<fk
>
*
<fm
>com
,edu
,net
,org
<fo
,fr
>asso
,com
,gouv
,nom
,prd
,tm
,avoues
,cci
,greta
,huissier-justice
<ga
,gb
,gd
>edu
,gov
<ge
>com
,edu
,gov
,org
,mil
,net
,pvt
<gf
,gg
>co
,net
,org
<gh
>com
,edu
,gov
,org
,mil
<gi
>com
,ltd
,gov
,mod
,edu
,org
<gl
>co
,com
,edu
,net
,org
<gm
,gn
>ac
,com
,edu
,gov
,org
,net
<gov
,gp
>com
,net
,mobi
,edu
,org
,asso
<gq
,gr
>com
,edu
,net
,org
,gov
<gs
,gt
>com
,edu
,gob
,ind
,mil
,net
,org
<gu
>com
,edu
,gov
,guam
,info
,net
,org
,web
<gw
,gy
>co
,com
,edu
,gov
,net
,org
<hk
>com
,edu
,gov
,idv
,net
,org
,xn--55qx5d
,xn--wcvs22d
,xn--lcvr32d
,xn--mxtq1m
,xn--gmqw5a
,xn--ciqpn
,xn--gmq050i
,xn--zf0avx
,xn--io0a7i
,xn--mk0axi
,xn--od0alg
,xn--od0aq3b
,xn--tn0ag
,xn--uc0atv
,xn--uc0ay4a
<hm
,hn
>com
,edu
,org
,net
,mil
,gob
<hr
>iz
,from
,name
,com
<ht
>com
,shop
,firm
,info
,adult
,net
,pro
,org
,med
,art
,coop
,pol
,asso
,edu
,rel
,gouv
,perso
<hu
>co
,info
,org
,priv
,sport
,tm
,2000
,agrar
,bolt
,casino
,city
,erotica
,erotika
,film
,forum
,games
,hotel
,ingatlan
,jogasz
,konyvelo
,lakas
,media
,news
,reklam
,sex
,shop
,suli
,szex
,tozsde
,utazas
,video
<id
>ac
,biz
,co
,desa
,go
,mil
,my
,net
,or
,ponpes
,sch
,web
<ie
>gov
<il
>ac
,co
,gov
,idf
,k12
,muni
,net
,org
<xn--4dbrk0ce
>xn--4dbgdty6c
,xn--5dbhl8d
,xn--8dbq2a
,xn--hebda8b
<im
>ac
,co
>ltd
,plc
<com
,net
,org
,tt
,tv
<in
>5g
,6g
,ac
,ai
,am
,bihar
,biz
,business
,ca
,cn
,co
,com
,coop
,cs
,delhi
,dr
,edu
,er
,firm
,gen
,gov
,gujarat
,ind
,info
,int
,internet
,io
,me
,mil
,net
,nic
,org
,pg
,post
,pro
,res
,travel
,tv
,uk
,up
,us
<info
,int
>eu
<io
>com
<iq
>gov
,edu
,mil
,com
,org
,net
<ir
>ac
,co
,gov
,id
,net
,org
,sch
,xn--mgba3a4f16a
,xn--mgba3a4fra
<is
>net
,com
,edu
,gov
,org
,int
<it
>gov
,edu
,abr
,abruzzo
,aosta-valley
,aostavalley
,bas
,basilicata
,cal
,calabria
,cam
,campania
,emilia-romagna
,emiliaromagna
,emr
,friuli-v-giulia
,friuli-ve-giulia
,friuli-vegiulia
,friuli-venezia-giulia
,friuli-veneziagiulia
,friuli-vgiulia
,friuliv-giulia
,friulive-giulia
,friulivegiulia
,friulivenezia-giulia
,friuliveneziagiulia
,friulivgiulia
,fvg
,laz
,lazio
,lig
,liguria
,lom
,lombardia
,lombardy
,lucania
,mar
,marche
,mol
,molise
,piedmont
,piemonte
,pmn
,pug
,puglia
,sar
,sardegna
,sardinia
,sic
,sicilia
,sicily
,taa
,tos
,toscana
,trentin-sud-tirol
,xn--trentin-sd-tirol-rzb
,trentin-sudtirol
,xn--trentin-sdtirol-7vb
,trentin-sued-tirol
,trentin-suedtirol
,trentino-a-adige
,trentino-aadige
,trentino-alto-adige
,trentino-altoadige
,trentino-s-tirol
,trentino-stirol
,trentino-sud-tirol
,xn--trentino-sd-tirol-c3b
,trentino-sudtirol
,xn--trentino-sdtirol-szb
,trentino-sued-tirol
,trentino-suedtirol
,trentino
,trentinoa-adige
,trentinoaadige
,trentinoalto-adige
,trentinoaltoadige
,trentinos-tirol
,trentinostirol
,trentinosud-tirol
,xn--trentinosd-tirol-rzb
,trentinosudtirol
,xn--trentinosdtirol-7vb
,trentinosued-tirol
,trentinosuedtirol
,trentinsud-tirol
,xn--trentinsd-tirol-6vb
,trentinsudtirol
,xn--trentinsdtirol-nsb
,trentinsued-tirol
,trentinsuedtirol
,tuscany
,umb
,umbria
,val-d-aosta
,val-daosta
,vald-aosta
,valdaosta
,valle-aosta
,valle-d-aosta
,valle-daosta
,valleaosta
,valled-aosta
,valledaosta
,vallee-aoste
,xn--valle-aoste-ebb
,vallee-d-aoste
,xn--valle-d-aoste-ehb
,valleeaoste
,xn--valleaoste-e7a
,valleedaoste
,xn--valledaoste-ebb
,vao
,vda
,ven
,veneto
,ag
,agrigento
,al
,alessandria
,alto-adige
,altoadige
,an
,ancona
,andria-barletta-trani
,andria-trani-barletta
,andriabarlettatrani
,andriatranibarletta
,ao
,aosta
,aoste
,ap
,aq
,aquila
,ar
,arezzo
,ascoli-piceno
,ascolipiceno
,asti
,at
,av
,avellino
,ba
,balsan-sudtirol
,xn--balsan-sdtirol-nsb
,balsan-suedtirol
,balsan
,bari
,barletta-trani-andria
,barlettatraniandria
,belluno
,benevento
,bergamo
,bg
,bi
,biella
,bl
,bn
,bo
,bologna
,bolzano-altoadige
,bolzano
,bozen-sudtirol
,xn--bozen-sdtirol-2ob
,bozen-suedtirol
,bozen
,br
,brescia
,brindisi
,bs
,bt
,bulsan-sudtirol
,xn--bulsan-sdtirol-nsb
,bulsan-suedtirol
,bulsan
,bz
,ca
,cagliari
,caltanissetta
,campidano-medio
,campidanomedio
,campobasso
,carbonia-iglesias
,carboniaiglesias
,carrara-massa
,carraramassa
,caserta
,catania
,catanzaro
,cb
,ce
,cesena-forli
,xn--cesena-forl-mcb
,cesenaforli
,xn--cesenaforl-i8a
,ch
,chieti
,ci
,cl
,cn
,co
,como
,cosenza
,cr
,cremona
,crotone
,cs
,ct
,cuneo
,cz
,dell-ogliastra
,dellogliastra
,en
,enna
,fc
,fe
,fermo
,ferrara
,fg
,fi
,firenze
,florence
,fm
,foggia
,forli-cesena
,xn--forl-cesena-fcb
,forlicesena
,xn--forlcesena-c8a
,fr
,frosinone
,ge
,genoa
,genova
,go
,gorizia
,gr
,grosseto
,iglesias-carbonia
,iglesiascarbonia
,im
,imperia
,is
,isernia
,kr
,la-spezia
,laquila
,laspezia
,latina
,lc
,le
,lecce
,lecco
,li
,livorno
,lo
,lodi
,lt
,lu
,lucca
,macerata
,mantova
,massa-carrara
,massacarrara
,matera
,mb
,mc
,me
,medio-campidano
,mediocampidano
,messina
,mi
,milan
,milano
,mn
,mo
,modena
,monza-brianza
,monza-e-della-brianza
,monza
,monzabrianza
,monzaebrianza
,monzaedellabrianza
,ms
,mt
,na
,naples
,napoli
,no
,novara
,nu
,nuoro
,og
,ogliastra
,olbia-tempio
,olbiatempio
,or
,oristano
,ot
,pa
,padova
,padua
,palermo
,parma
,pavia
,pc
,pd
,pe
,perugia
,pesaro-urbino
,pesarourbino
,pescara
,pg
,pi
,piacenza
,pisa
,pistoia
,pn
,po
,pordenone
,potenza
,pr
,prato
,pt
,pu
,pv
,pz
,ra
,ragusa
,ravenna
,rc
,re
,reggio-calabria
,reggio-emilia
,reggiocalabria
,reggioemilia
,rg
,ri
,rieti
,rimini
,rm
,rn
,ro
,roma
,rome
,rovigo
,sa
,salerno
,sassari
,savona
,si
,siena
,siracusa
,so
,sondrio
,sp
,sr
,ss
,suedtirol
,xn--sdtirol-n2a
,sv
,ta
,taranto
,te
,tempio-olbia
,tempioolbia
,teramo
,terni
,tn
,to
,torino
,tp
,tr
,trani-andria-barletta
,trani-barletta-andria
,traniandriabarletta
,tranibarlettaandria
,trapani
,trento
,treviso
,trieste
,ts
,turin
,tv
,ud
,udine
,urbino-pesaro
,urbinopesaro
,va
,varese
,vb
,vc
,ve
,venezia
,venice
,verbania
,vercelli
,verona
,vi
,vibo-valentia
,vibovalentia
,vicenza
,viterbo
,vr
,vs
,vt
,vv
<je
>co
,net
,org
<jm
>
*
<jo
>com
,org
,net
,edu
,sch
,gov
,mil
,name
<jobs
,jp
>ac
,ad
,co
,ed
,go
,gr
,lg
,ne
,or
,aichi
>aisai
,ama
,anjo
,asuke
,chiryu
,chita
,fuso
,gamagori
,handa
,hazu
,hekinan
,higashiura
,ichinomiya
,inazawa
,inuyama
,isshiki
,iwakura
,kanie
,kariya
,kasugai
,kira
,kiyosu
,komaki
,konan
,kota
,mihama
,miyoshi
,nishio
,nisshin
,obu
,oguchi
,oharu
,okazaki
,owariasahi
,seto
,shikatsu
,shinshiro
,shitara
,tahara
,takahama
,tobishima
,toei
,togo
,tokai
,tokoname
,toyoake
,toyohashi
,toyokawa
,toyone
,toyota
,tsushima
,yatomi
<akita
>akita
,daisen
,fujisato
,gojome
,hachirogata
,happou
,higashinaruse
,honjo
,honjyo
,ikawa
,kamikoani
,kamioka
,katagami
,kazuno
,kitaakita
,kosaka
,kyowa
,misato
,mitane
,moriyoshi
,nikaho
,noshiro
,odate
,oga
,ogata
,semboku
,yokote
,yurihonjo
<aomori
>aomori
,gonohe
,hachinohe
,hashikami
,hiranai
,hirosaki
,itayanagi
,kuroishi
,misawa
,mutsu
,nakadomari
,noheji
,oirase
,owani
,rokunohe
,sannohe
,shichinohe
,shingo
,takko
,towada
,tsugaru
,tsuruta
<chiba
>abiko
,asahi
,chonan
,chosei
,choshi
,chuo
,funabashi
,futtsu
,hanamigawa
,ichihara
,ichikawa
,ichinomiya
,inzai
,isumi
,kamagaya
,kamogawa
,kashiwa
,katori
,katsuura
,kimitsu
,kisarazu
,kozaki
,kujukuri
,kyonan
,matsudo
,midori
,mihama
,minamiboso
,mobara
,mutsuzawa
,nagara
,nagareyama
,narashino
,narita
,noda
,oamishirasato
,omigawa
,onjuku
,otaki
,sakae
,sakura
,shimofusa
,shirako
,shiroi
,shisui
,sodegaura
,sosa
,tako
,tateyama
,togane
,tohnosho
,tomisato
,urayasu
,yachimata
,yachiyo
,yokaichiba
,yokoshibahikari
,yotsukaido
<ehime
>ainan
,honai
,ikata
,imabari
,iyo
,kamijima
,kihoku
,kumakogen
,masaki
,matsuno
,matsuyama
,namikata
,niihama
,ozu
,saijo
,seiyo
,shikokuchuo
,tobe
,toon
,uchiko
,uwajima
,yawatahama
<fukui
>echizen
,eiheiji
,fukui
,ikeda
,katsuyama
,mihama
,minamiechizen
,obama
,ohi
,ono
,sabae
,sakai
,takahama
,tsuruga
,wakasa
<fukuoka
>ashiya
,buzen
,chikugo
,chikuho
,chikujo
,chikushino
,chikuzen
,chuo
,dazaifu
,fukuchi
,hakata
,higashi
,hirokawa
,hisayama
,iizuka
,inatsuki
,kaho
,kasuga
,kasuya
,kawara
,keisen
,koga
,kurate
,kurogi
,kurume
,minami
,miyako
,miyama
,miyawaka
,mizumaki
,munakata
,nakagawa
,nakama
,nishi
,nogata
,ogori
,okagaki
,okawa
,oki
,omuta
,onga
,onojo
,oto
,saigawa
,sasaguri
,shingu
,shinyoshitomi
,shonai
,soeda
,sue
,tachiarai
,tagawa
,takata
,toho
,toyotsu
,tsuiki
,ukiha
,umi
,usui
,yamada
,yame
,yanagawa
,yukuhashi
<fukushima
>aizubange
,aizumisato
,aizuwakamatsu
,asakawa
,bandai
,date
,fukushima
,furudono
,futaba
,hanawa
,higashi
,hirata
,hirono
,iitate
,inawashiro
,ishikawa
,iwaki
,izumizaki
,kagamiishi
,kaneyama
,kawamata
,kitakata
,kitashiobara
,koori
,koriyama
,kunimi
,miharu
,mishima
,namie
,nango
,nishiaizu
,nishigo
,okuma
,omotego
,ono
,otama
,samegawa
,shimogo
,shirakawa
,showa
,soma
,sukagawa
,taishin
,tamakawa
,tanagura
,tenei
,yabuki
,yamato
,yamatsuri
,yanaizu
,yugawa
<gifu
>anpachi
,ena
,gifu
,ginan
,godo
,gujo
,hashima
,hichiso
,hida
,higashishirakawa
,ibigawa
,ikeda
,kakamigahara
,kani
,kasahara
,kasamatsu
,kawaue
,kitagata
,mino
,minokamo
,mitake
,mizunami
,motosu
,nakatsugawa
,ogaki
,sakahogi
,seki
,sekigahara
,shirakawa
,tajimi
,takayama
,tarui
,toki
,tomika
,wanouchi
,yamagata
,yaotsu
,yoro
<gunma
>annaka
,chiyoda
,fujioka
,higashiagatsuma
,isesaki
,itakura
,kanna
,kanra
,katashina
,kawaba
,kiryu
,kusatsu
,maebashi
,meiwa
,midori
,minakami
,naganohara
,nakanojo
,nanmoku
,numata
,oizumi
,ora
,ota
,shibukawa
,shimonita
,shinto
,showa
,takasaki
,takayama
,tamamura
,tatebayashi
,tomioka
,tsukiyono
,tsumagoi
,ueno
,yoshioka
<hiroshima
>asaminami
,daiwa
,etajima
,fuchu
,fukuyama
,hatsukaichi
,higashihiroshima
,hongo
,jinsekikogen
,kaita
,kui
,kumano
,kure
,mihara
,miyoshi
,naka
,onomichi
,osakikamijima
,otake
,saka
,sera
,seranishi
,shinichi
,shobara
,takehara
<hokkaido
>abashiri
,abira
,aibetsu
,akabira
,akkeshi
,asahikawa
,ashibetsu
,ashoro
,assabu
,atsuma
,bibai
,biei
,bifuka
,bihoro
,biratori
,chippubetsu
,chitose
,date
,ebetsu
,embetsu
,eniwa
,erimo
,esan
,esashi
,fukagawa
,fukushima
,furano
,furubira
,haboro
,hakodate
,hamatonbetsu
,hidaka
,higashikagura
,higashikawa
,hiroo
,hokuryu
,hokuto
,honbetsu
,horokanai
,horonobe
,ikeda
,imakane
,ishikari
,iwamizawa
,iwanai
,kamifurano
,kamikawa
,kamishihoro
,kamisunagawa
,kamoenai
,kayabe
,kembuchi
,kikonai
,kimobetsu
,kitahiroshima
,kitami
,kiyosato
,koshimizu
,kunneppu
,kuriyama
,kuromatsunai
,kushiro
,kutchan
,kyowa
,mashike
,matsumae
,mikasa
,minamifurano
,mombetsu
,moseushi
,mukawa
,muroran
,naie
,nakagawa
,nakasatsunai
,nakatombetsu
,nanae
,nanporo
,nayoro
,nemuro
,niikappu
,niki
,nishiokoppe
,noboribetsu
,numata
,obihiro
,obira
,oketo
,okoppe
,otaru
,otobe
,otofuke
,otoineppu
,oumu
,ozora
,pippu
,rankoshi
,rebun
,rikubetsu
,rishiri
,rishirifuji
,saroma
,sarufutsu
,shakotan
,shari
,shibecha
,shibetsu
,shikabe
,shikaoi
,shimamaki
,shimizu
,shimokawa
,shinshinotsu
,shintoku
,shiranuka
,shiraoi
,shiriuchi
,sobetsu
,sunagawa
,taiki
,takasu
,takikawa
,takinoue
,teshikaga
,tobetsu
,tohma
,tomakomai
,tomari
,toya
,toyako
,toyotomi
,toyoura
,tsubetsu
,tsukigata
,urakawa
,urausu
,uryu
,utashinai
,wakkanai
,wassamu
,yakumo
,yoichi
<hyogo
>aioi
,akashi
,ako
,amagasaki
,aogaki
,asago
,ashiya
,awaji
,fukusaki
,goshiki
,harima
,himeji
,ichikawa
,inagawa
,itami
,kakogawa
,kamigori
,kamikawa
,kasai
,kasuga
,kawanishi
,miki
,minamiawaji
,nishinomiya
,nishiwaki
,ono
,sanda
,sannan
,sasayama
,sayo
,shingu
,shinonsen
,shiso
,sumoto
,taishi
,taka
,takarazuka
,takasago
,takino
,tamba
,tatsuno
,toyooka
,yabu
,yashiro
,yoka
,yokawa
<ibaraki
>ami
,asahi
,bando
,chikusei
,daigo
,fujishiro
,hitachi
,hitachinaka
,hitachiomiya
,hitachiota
,ibaraki
,ina
,inashiki
,itako
,iwama
,joso
,kamisu
,kasama
,kashima
,kasumigaura
,koga
,miho
,mito
,moriya
,naka
,namegata
,oarai
,ogawa
,omitama
,ryugasaki
,sakai
,sakuragawa
,shimodate
,shimotsuma
,shirosato
,sowa
,suifu
,takahagi
,tamatsukuri
,tokai
,tomobe
,tone
,toride
,tsuchiura
,tsukuba
,uchihara
,ushiku
,yachiyo
,yamagata
,yawara
,yuki
<ishikawa
>anamizu
,hakui
,hakusan
,kaga
,kahoku
,kanazawa
,kawakita
,komatsu
,nakanoto
,nanao
,nomi
,nonoichi
,noto
,shika
,suzu
,tsubata
,tsurugi
,uchinada
,wajima
<iwate
>fudai
,fujisawa
,hanamaki
,hiraizumi
,hirono
,ichinohe
,ichinoseki
,iwaizumi
,iwate
,joboji
,kamaishi
,kanegasaki
,karumai
,kawai
,kitakami
,kuji
,kunohe
,kuzumaki
,miyako
,mizusawa
,morioka
,ninohe
,noda
,ofunato
,oshu
,otsuchi
,rikuzentakata
,shiwa
,shizukuishi
,sumita
,tanohata
,tono
,yahaba
,yamada
<kagawa
>ayagawa
,higashikagawa
,kanonji
,kotohira
,manno
,marugame
,mitoyo
,naoshima
,sanuki
,tadotsu
,takamatsu
,tonosho
,uchinomi
,utazu
,zentsuji
<kagoshima
>akune
,amami
,hioki
,isa
,isen
,izumi
,kagoshima
,kanoya
,kawanabe
,kinko
,kouyama
,makurazaki
,matsumoto
,minamitane
,nakatane
,nishinoomote
,satsumasendai
,soo
,tarumizu
,yusui
<kanagawa
>aikawa
,atsugi
,ayase
,chigasaki
,ebina
,fujisawa
,hadano
,hakone
,hiratsuka
,isehara
,kaisei
,kamakura
,kiyokawa
,matsuda
,minamiashigara
,miura
,nakai
,ninomiya
,odawara
,oi
,oiso
,sagamihara
,samukawa
,tsukui
,yamakita
,yamato
,yokosuka
,yugawara
,zama
,zushi
<kochi
>aki
,geisei
,hidaka
,higashitsuno
,ino
,kagami
,kami
,kitagawa
,kochi
,mihara
,motoyama
,muroto
,nahari
,nakamura
,nankoku
,nishitosa
,niyodogawa
,ochi
,okawa
,otoyo
,otsuki
,sakawa
,sukumo
,susaki
,tosa
,tosashimizu
,toyo
,tsuno
,umaji
,yasuda
,yusuhara
<kumamoto
>amakusa
,arao
,aso
,choyo
,gyokuto
,kamiamakusa
,kikuchi
,kumamoto
,mashiki
,mifune
,minamata
,minamioguni
,nagasu
,nishihara
,oguni
,ozu
,sumoto
,takamori
,uki
,uto
,yamaga
,yamato
,yatsushiro
<kyoto
>ayabe
,fukuchiyama
,higashiyama
,ide
,ine
,joyo
,kameoka
,kamo
,kita
,kizu
,kumiyama
,kyotamba
,kyotanabe
,kyotango
,maizuru
,minami
,minamiyamashiro
,miyazu
,muko
,nagaokakyo
,nakagyo
,nantan
,oyamazaki
,sakyo
,seika
,tanabe
,uji
,ujitawara
,wazuka
,yamashina
,yawata
<mie
>asahi
,inabe
,ise
,kameyama
,kawagoe
,kiho
,kisosaki
,kiwa
,komono
,kumano
,kuwana
,matsusaka
,meiwa
,mihama
,minamiise
,misugi
,miyama
,nabari
,shima
,suzuka
,tado
,taiki
,taki
,tamaki
,toba
,tsu
,udono
,ureshino
,watarai
,yokkaichi
<miyagi
>furukawa
,higashimatsushima
,ishinomaki
,iwanuma
,kakuda
,kami
,kawasaki
,marumori
,matsushima
,minamisanriku
,misato
,murata
,natori
,ogawara
,ohira
,onagawa
,osaki
,rifu
,semine
,shibata
,shichikashuku
,shikama
,shiogama
,shiroishi
,tagajo
,taiwa
,tome
,tomiya
,wakuya
,watari
,yamamoto
,zao
<miyazaki
>aya
,ebino
,gokase
,hyuga
,kadogawa
,kawaminami
,kijo
,kitagawa
,kitakata
,kitaura
,kobayashi
,kunitomi
,kushima
,mimata
,miyakonojo
,miyazaki
,morotsuka
,nichinan
,nishimera
,nobeoka
,saito
,shiiba
,shintomi
,takaharu
,takanabe
,takazaki
,tsuno
<nagano
>achi
,agematsu
,anan
,aoki
,asahi
,azumino
,chikuhoku
,chikuma
,chino
,fujimi
,hakuba
,hara
,hiraya
,iida
,iijima
,iiyama
,iizuna
,ikeda
,ikusaka
,ina
,karuizawa
,kawakami
,kiso
,kisofukushima
,kitaaiki
,komagane
,komoro
,matsukawa
,matsumoto
,miasa
,minamiaiki
,minamimaki
,minamiminowa
,minowa
,miyada
,miyota
,mochizuki
,nagano
,nagawa
,nagiso
,nakagawa
,nakano
,nozawaonsen
,obuse
,ogawa
,okaya
,omachi
,omi
,ookuwa
,ooshika
,otaki
,otari
,sakae
,sakaki
,saku
,sakuho
,shimosuwa
,shinanomachi
,shiojiri
,suwa
,suzaka
,takagi
,takamori
,takayama
,tateshina
,tatsuno
,togakushi
,togura
,tomi
,ueda
,wada
,yamagata
,yamanouchi
,yasaka
,yasuoka
<nagasaki
>chijiwa
,futsu
,goto
,hasami
,hirado
,iki
,isahaya
,kawatana
,kuchinotsu
,matsuura
,nagasaki
,obama
,omura
,oseto
,saikai
,sasebo
,seihi
,shimabara
,shinkamigoto
,togitsu
,tsushima
,unzen
<nara
>ando
,gose
,heguri
,higashiyoshino
,ikaruga
,ikoma
,kamikitayama
,kanmaki
,kashiba
,kashihara
,katsuragi
,kawai
,kawakami
,kawanishi
,koryo
,kurotaki
,mitsue
,miyake
,nara
,nosegawa
,oji
,ouda
,oyodo
,sakurai
,sango
,shimoichi
,shimokitayama
,shinjo
,soni
,takatori
,tawaramoto
,tenkawa
,tenri
,uda
,yamatokoriyama
,yamatotakada
,yamazoe
,yoshino
<niigata
>aga
,agano
,gosen
,itoigawa
,izumozaki
,joetsu
,kamo
,kariwa
,kashiwazaki
,minamiuonuma
,mitsuke
,muika
,murakami
,myoko
,nagaoka
,niigata
,ojiya
,omi
,sado
,sanjo
,seiro
,seirou
,sekikawa
,shibata
,tagami
,tainai
,tochio
,tokamachi
,tsubame
,tsunan
,uonuma
,yahiko
,yoita
,yuzawa
<oita
>beppu
,bungoono
,bungotakada
,hasama
,hiji
,himeshima
,hita
,kamitsue
,kokonoe
,kuju
,kunisaki
,kusu
,oita
,saiki
,taketa
,tsukumi
,usa
,usuki
,yufu
<okayama
>akaiwa
,asakuchi
,bizen
,hayashima
,ibara
,kagamino
,kasaoka
,kibichuo
,kumenan
,kurashiki
,maniwa
,misaki
,nagi
,niimi
,nishiawakura
,okayama
,satosho
,setouchi
,shinjo
,shoo
,soja
,takahashi
,tamano
,tsuyama
,wake
,yakage
<okinawa
>aguni
,ginowan
,ginoza
,gushikami
,haebaru
,higashi
,hirara
,iheya
,ishigaki
,ishikawa
,itoman
,izena
,kadena
,kin
,kitadaito
,kitanakagusuku
,kumejima
,kunigami
,minamidaito
,motobu
,nago
,naha
,nakagusuku
,nakijin
,nanjo
,nishihara
,ogimi
,okinawa
,onna
,shimoji
,taketomi
,tarama
,tokashiki
,tomigusuku
,tonaki
,urasoe
,uruma
,yaese
,yomitan
,yonabaru
,yonaguni
,zamami
<osaka
>abeno
,chihayaakasaka
,chuo
,daito
,fujiidera
,habikino
,hannan
,higashiosaka
,higashisumiyoshi
,higashiyodogawa
,hirakata
,ibaraki
,ikeda
,izumi
,izumiotsu
,izumisano
,kadoma
,kaizuka
,kanan
,kashiwara
,katano
,kawachinagano
,kishiwada
,kita
,kumatori
,matsubara
,minato
,minoh
,misaki
,moriguchi
,neyagawa
,nishi
,nose
,osakasayama
,sakai
,sayama
,sennan
,settsu
,shijonawate
,shimamoto
,suita
,tadaoka
,taishi
,tajiri
,takaishi
,takatsuki
,tondabayashi
,toyonaka
,toyono
,yao
<saga
>ariake
,arita
,fukudomi
,genkai
,hamatama
,hizen
,imari
,kamimine
,kanzaki
,karatsu
,kashima
,kitagata
,kitahata
,kiyama
,kouhoku
,kyuragi
,nishiarita
,ogi
,omachi
,ouchi
,saga
,shiroishi
,taku
,tara
,tosu
,yoshinogari
<saitama
>arakawa
,asaka
,chichibu
,fujimi
,fujimino
,fukaya
,hanno
,hanyu
,hasuda
,hatogaya
,hatoyama
,hidaka
,higashichichibu
,higashimatsuyama
,honjo
,ina
,iruma
,iwatsuki
,kamiizumi
,kamikawa
,kamisato
,kasukabe
,kawagoe
,kawaguchi
,kawajima
,kazo
,kitamoto
,koshigaya
,kounosu
,kuki
,kumagaya
,matsubushi
,minano
,misato
,miyashiro
,miyoshi
,moroyama
,nagatoro
,namegawa
,niiza
,ogano
,ogawa
,ogose
,okegawa
,omiya
,otaki
,ranzan
,ryokami
,saitama
,sakado
,satte
,sayama
,shiki
,shiraoka
,soka
,sugito
,toda
,tokigawa
,tokorozawa
,tsurugashima
,urawa
,warabi
,yashio
,yokoze
,yono
,yorii
,yoshida
,yoshikawa
,yoshimi
<shiga
>aisho
,gamo
,higashiomi
,hikone
,koka
,konan
,kosei
,koto
,kusatsu
,maibara
,moriyama
,nagahama
,nishiazai
,notogawa
,omihachiman
,otsu
,ritto
,ryuoh
,takashima
,takatsuki
,torahime
,toyosato
,yasu
<shimane
>akagi
,ama
,gotsu
,hamada
,higashiizumo
,hikawa
,hikimi
,izumo
,kakinoki
,masuda
,matsue
,misato
,nishinoshima
,ohda
,okinoshima
,okuizumo
,shimane
,tamayu
,tsuwano
,unnan
,yakumo
,yasugi
,yatsuka
<shizuoka
>arai
,atami
,fuji
,fujieda
,fujikawa
,fujinomiya
,fukuroi
,gotemba
,haibara
,hamamatsu
,higashiizu
,ito
,iwata
,izu
,izunokuni
,kakegawa
,kannami
,kawanehon
,kawazu
,kikugawa
,kosai
,makinohara
,matsuzaki
,minamiizu
,mishima
,morimachi
,nishiizu
,numazu
,omaezaki
,shimada
,shimizu
,shimoda
,shizuoka
,susono
,yaizu
,yoshida
<tochigi
>ashikaga
,bato
,haga
,ichikai
,iwafune
,kaminokawa
,kanuma
,karasuyama
,kuroiso
,mashiko
,mibu
,moka
,motegi
,nasu
,nasushiobara
,nikko
,nishikata
,nogi
,ohira
,ohtawara
,oyama
,sakura
,sano
,shimotsuke
,shioya
,takanezawa
,tochigi
,tsuga
,ujiie
,utsunomiya
,yaita
<tokushima
>aizumi
,anan
,ichiba
,itano
,kainan
,komatsushima
,matsushige
,mima
,minami
,miyoshi
,mugi
,nakagawa
,naruto
,sanagochi
,shishikui
,tokushima
,wajiki
<tokyo
>adachi
,akiruno
,akishima
,aogashima
,arakawa
,bunkyo
,chiyoda
,chofu
,chuo
,edogawa
,fuchu
,fussa
,hachijo
,hachioji
,hamura
,higashikurume
,higashimurayama
,higashiyamato
,hino
,hinode
,hinohara
,inagi
,itabashi
,katsushika
,kita
,kiyose
,kodaira
,koganei
,kokubunji
,komae
,koto
,kouzushima
,kunitachi
,machida
,meguro
,minato
,mitaka
,mizuho
,musashimurayama
,musashino
,nakano
,nerima
,ogasawara
,okutama
,ome
,oshima
,ota
,setagaya
,shibuya
,shinagawa
,shinjuku
,suginami
,sumida
,tachikawa
,taito
,tama
,toshima
<tottori
>chizu
,hino
,kawahara
,koge
,kotoura
,misasa
,nanbu
,nichinan
,sakaiminato
,tottori
,wakasa
,yazu
,yonago
<toyama
>asahi
,fuchu
,fukumitsu
,funahashi
,himi
,imizu
,inami
,johana
,kamiichi
,kurobe
,nakaniikawa
,namerikawa
,nanto
,nyuzen
,oyabe
,taira
,takaoka
,tateyama
,toga
,tonami
,toyama
,unazuki
,uozu
,yamada
<wakayama
>arida
,aridagawa
,gobo
,hashimoto
,hidaka
,hirogawa
,inami
,iwade
,kainan
,kamitonda
,katsuragi
,kimino
,kinokawa
,kitayama
,koya
,koza
,kozagawa
,kudoyama
,kushimoto
,mihama
,misato
,nachikatsuura
,shingu
,shirahama
,taiji
,tanabe
,wakayama
,yuasa
,yura
<yamagata
>asahi
,funagata
,higashine
,iide
,kahoku
,kaminoyama
,kaneyama
,kawanishi
,mamurogawa
,mikawa
,murayama
,nagai
,nakayama
,nanyo
,nishikawa
,obanazawa
,oe
,oguni
,ohkura
,oishida
,sagae
,sakata
,sakegawa
,shinjo
,shirataka
,shonai
,takahata
,tendo
,tozawa
,tsuruoka
,yamagata
,yamanobe
,yonezawa
,yuza
<yamaguchi
>abu
,hagi
,hikari
,hofu
,iwakuni
,kudamatsu
,mitou
,nagato
,oshima
,shimonoseki
,shunan
,tabuse
,tokuyama
,toyota
,ube
,yuu
<yamanashi
>chuo
,doshi
,fuefuki
,fujikawa
,fujikawaguchiko
,fujiyoshida
,hayakawa
,hokuto
,ichikawamisato
,kai
,kofu
,koshu
,kosuge
,minami-alps
,minobu
,nakamichi
,nanbu
,narusawa
,nirasaki
,nishikatsura
,oshino
,otsuki
,showa
,tabayama
,tsuru
,uenohara
,yamanakako
,yamanashi
<xn--4pvxs
,xn--vgu402c
,xn--c3s14m
,xn--f6qx53a
,xn--8pvr4u
,xn--uist22h
,xn--djrs72d6uy
,xn--mkru45i
,xn--0trq7p7nn
,xn--8ltr62k
,xn--2m4a15e
,xn--efvn9s
,xn--32vp30h
,xn--4it797k
,xn--1lqs71d
,xn--5rtp49c
,xn--5js045d
,xn--ehqz56n
,xn--1lqs03n
,xn--qqqt11m
,xn--kbrq7o
,xn--pssu33l
,xn--ntsq17g
,xn--uisz3g
,xn--6btw5a
,xn--1ctwo
,xn--6orx2r
,xn--rht61e
,xn--rht27z
,xn--djty4k
,xn--nit225k
,xn--rht3d
,xn--klty5x
,xn--kltx9a
,xn--kltp7d
,xn--uuwu58a
,xn--zbx025d
,xn--ntso0iqx3a
,xn--elqq16h
,xn--4it168d
,xn--klt787d
,xn--rny31h
,xn--7t0a264c
,xn--5rtq34k
,xn--k7yn95e
,xn--tor131o
,xn--d5qv7z876c
,kawasaki
>
*
,
!city
<kitakyushu
>
*
,
!city
<kobe
>
*
,
!city
<nagoya
>
*
,
!city
<sapporo
>
*
,
!city
<sendai
>
*
,
!city
<yokohama
>
*
,
!city
<
<ke
>ac
,co
,go
,info
,me
,mobi
,ne
,or
,sc
<kg
>org
,net
,com
,edu
,gov
,mil
<kh
>
*
<ki
>edu
,biz
,net
,org
,gov
,info
,com
<km
>org
,nom
,gov
,prd
,tm
,edu
,mil
,ass
,com
,coop
,asso
,presse
,medecin
,notaires
,pharmaciens
,veterinaire
,gouv
<kn
>net
,org
,edu
,gov
<kp
>com
,edu
,gov
,org
,rep
,tra
<kr
>ac
,co
,es
,go
,hs
,kg
,mil
,ms
,ne
,or
,pe
,re
,sc
,busan
,chungbuk
,chungnam
,daegu
,daejeon
,gangwon
,gwangju
,gyeongbuk
,gyeonggi
,gyeongnam
,incheon
,jeju
,jeonbuk
,jeonnam
,seoul
,ulsan
<kw
>com
,edu
,emb
,gov
,ind
,net
,org
<ky
>com
,edu
,net
,org
<kz
>org
,edu
,net
,gov
,mil
,com
<la
>int
,net
,info
,edu
,gov
,per
,com
,org
<lb
>com
,edu
,gov
,net
,org
<lc
>com
,net
,co
,org
,edu
,gov
<li
,lk
>gov
,sch
,net
,int
,com
,org
,edu
,ngo
,soc
,web
,ltd
,assn
,grp
,hotel
,ac
<lr
>com
,edu
,gov
,org
,net
<ls
>ac
,biz
,co
,edu
,gov
,info
,net
,org
,sc
<lt
>gov
<lu
,lv
>com
,edu
,gov
,org
,mil
,id
,net
,asn
,conf
<ly
>com
,net
,gov
,plc
,edu
,sch
,med
,org
,id
<ma
>co
,net
,gov
,org
,ac
,press
<mc
>tm
,asso
<md
,me
>co
,net
,org
,edu
,ac
,gov
,its
,priv
<mg
>org
,nom
,gov
,prd
,tm
,edu
,mil
,com
,co
<mh
,mil
,mk
>com
,org
,net
,edu
,gov
,inf
,name
<ml
>com
,edu
,gouv
,gov
,net
,org
,presse
<mm
>
*
<mn
>gov
,edu
,org
<mo
>com
,net
,org
,edu
,gov
<mobi
,mp
,mq
,mr
>gov
<ms
>com
,edu
,gov
,net
,org
<mt
>com
,edu
,net
,org
<mu
>com
,net
,org
,gov
,ac
,co
,or
<museum
,mv
>aero
,biz
,com
,coop
,edu
,gov
,info
,int
,mil
,museum
,name
,net
,org
,pro
<mw
>ac
,biz
,co
,com
,coop
,edu
,gov
,int
,museum
,net
,org
<mx
>com
,org
,gob
,edu
,net
<my
>biz
,com
,edu
,gov
,mil
,name
,net
,org
<mz
>ac
,adv
,co
,edu
,gov
,mil
,net
,org
<na
>info
,pro
,name
,school
,or
,dr
,us
,mx
,ca
,in
,cc
,tv
,ws
,mobi
,co
,com
,org
<name
,nc
>asso
,nom
<ne
,net
,nf
>com
,net
,per
,rec
,web
,arts
,firm
,info
,other
,store
<ng
>com
,edu
,gov
,i
,mil
,mobi
,name
,net
,org
,sch
<ni
>ac
,biz
,co
,com
,edu
,gob
,in
,info
,int
,mil
,net
,nom
,org
,web
<nl
,no
>fhs
,vgs
,fylkesbibl
,folkebibl
,museum
,idrett
,priv
,mil
,stat
,dep
,kommune
,herad
,aa
>gs
<ah
>gs
<bu
>gs
<fm
>gs
<hl
>gs
<hm
>gs
<jan-mayen
>gs
<mr
>gs
<nl
>gs
<nt
>gs
<of
>gs
<ol
>gs
<oslo
>gs
<rl
>gs
<sf
>gs
<st
>gs
<svalbard
>gs
<tm
>gs
<tr
>gs
<va
>gs
<vf
>gs
<akrehamn
,xn--krehamn-dxa
,algard
,xn--lgrd-poac
,arna
,brumunddal
,bryne
,bronnoysund
,xn--brnnysund-m8ac
,drobak
,xn--drbak-wua
,egersund
,fetsund
,floro
,xn--flor-jra
,fredrikstad
,hokksund
,honefoss
,xn--hnefoss-q1a
,jessheim
,jorpeland
,xn--jrpeland-54a
,kirkenes
,kopervik
,krokstadelva
,langevag
,xn--langevg-jxa
,leirvik
,mjondalen
,xn--mjndalen-64a
,mo-i-rana
,mosjoen
,xn--mosjen-eya
,nesoddtangen
,orkanger
,osoyro
,xn--osyro-wua
,raholt
,xn--rholt-mra
,sandnessjoen
,xn--sandnessjen-ogb
,skedsmokorset
,slattum
,spjelkavik
,stathelle
,stavern
,stjordalshalsen
,xn--stjrdalshalsen-sqb
,tananger
,tranby
,vossevangen
,afjord
,xn--fjord-lra
,agdenes
,al
,xn--l-1fa
,alesund
,xn--lesund-hua
,alstahaug
,alta
,xn--lt-liac
,alaheadju
,xn--laheadju-7ya
,alvdal
,amli
,xn--mli-tla
,amot
,xn--mot-tla
,andebu
,andoy
,xn--andy-ira
,andasuolo
,ardal
,xn--rdal-poa
,aremark
,arendal
,xn--s-1fa
,aseral
,xn--seral-lra
,asker
,askim
,askvoll
,askoy
,xn--asky-ira
,asnes
,xn--snes-poa
,audnedaln
,aukra
,aure
,aurland
,aurskog-holand
,xn--aurskog-hland-jnb
,austevoll
,austrheim
,averoy
,xn--avery-yua
,balestrand
,ballangen
,balat
,xn--blt-elab
,balsfjord
,bahccavuotna
,xn--bhccavuotna-k7a
,bamble
,bardu
,beardu
,beiarn
,bajddar
,xn--bjddar-pta
,baidar
,xn--bidr-5nac
,berg
,bergen
,berlevag
,xn--berlevg-jxa
,bearalvahki
,xn--bearalvhki-y4a
,bindal
,birkenes
,bjarkoy
,xn--bjarky-fya
,bjerkreim
,bjugn
,bodo
,xn--bod-2na
,badaddja
,xn--bdddj-mrabd
,budejju
,bokn
,bremanger
,bronnoy
,xn--brnny-wuac
,bygland
,bykle
,barum
,xn--brum-voa
,telemark
>bo
,xn--b-5ga
<nordland
>bo
,xn--b-5ga
,heroy
,xn--hery-ira
<bievat
,xn--bievt-0qa
,bomlo
,xn--bmlo-gra
,batsfjord
,xn--btsfjord-9za
,bahcavuotna
,xn--bhcavuotna-s4a
,dovre
,drammen
,drangedal
,dyroy
,xn--dyry-ira
,donna
,xn--dnna-gra
,eid
,eidfjord
,eidsberg
,eidskog
,eidsvoll
,eigersund
,elverum
,enebakk
,engerdal
,etne
,etnedal
,evenes
,evenassi
,xn--eveni-0qa01ga
,evje-og-hornnes
,farsund
,fauske
,fuossko
,fuoisku
,fedje
,fet
,finnoy
,xn--finny-yua
,fitjar
,fjaler
,fjell
,flakstad
,flatanger
,flekkefjord
,flesberg
,flora
,fla
,xn--fl-zia
,folldal
,forsand
,fosnes
,frei
,frogn
,froland
,frosta
,frana
,xn--frna-woa
,froya
,xn--frya-hra
,fusa
,fyresdal
,forde
,xn--frde-gra
,gamvik
,gangaviika
,xn--ggaviika-8ya47h
,gaular
,gausdal
,gildeskal
,xn--gildeskl-g0a
,giske
,gjemnes
,gjerdrum
,gjerstad
,gjesdal
,gjovik
,xn--gjvik-wua
,gloppen
,gol
,gran
,grane
,granvin
,gratangen
,grimstad
,grong
,kraanghke
,xn--kranghke-b0a
,grue
,gulen
,hadsel
,halden
,halsa
,hamar
,hamaroy
,habmer
,xn--hbmer-xqa
,hapmir
,xn--hpmir-xqa
,hammerfest
,hammarfeasta
,xn--hmmrfeasta-s4ac
,haram
,hareid
,harstad
,hasvik
,aknoluokta
,xn--koluokta-7ya57h
,hattfjelldal
,aarborte
,haugesund
,hemne
,hemnes
,hemsedal
,more-og-romsdal
>heroy
,sande
<xn--mre-og-romsdal-qqb
>xn--hery-ira
,sande
<hitra
,hjartdal
,hjelmeland
,hobol
,xn--hobl-ira
,hof
,hol
,hole
,holmestrand
,holtalen
,xn--holtlen-hxa
,hornindal
,horten
,hurdal
,hurum
,hvaler
,hyllestad
,hagebostad
,xn--hgebostad-g3a
,hoyanger
,xn--hyanger-q1a
,hoylandet
,xn--hylandet-54a
,ha
,xn--h-2fa
,ibestad
,inderoy
,xn--indery-fya
,iveland
,jevnaker
,jondal
,jolster
,xn--jlster-bya
,karasjok
,karasjohka
,xn--krjohka-hwab49j
,karlsoy
,galsa
,xn--gls-elac
,karmoy
,xn--karmy-yua
,kautokeino
,guovdageaidnu
,klepp
,klabu
,xn--klbu-woa
,kongsberg
,kongsvinger
,kragero
,xn--krager-gya
,kristiansand
,kristiansund
,krodsherad
,xn--krdsherad-m8a
,kvalsund
,rahkkeravju
,xn--rhkkervju-01af
,kvam
,kvinesdal
,kvinnherad
,kviteseid
,kvitsoy
,xn--kvitsy-fya
,kvafjord
,xn--kvfjord-nxa
,giehtavuoatna
,kvanangen
,xn--kvnangen-k0a
,navuotna
,xn--nvuotna-hwa
,kafjord
,xn--kfjord-iua
,gaivuotna
,xn--givuotna-8ya
,larvik
,lavangen
,lavagis
,loabat
,xn--loabt-0qa
,lebesby
,davvesiida
,leikanger
,leirfjord
,leka
,leksvik
,lenvik
,leangaviika
,xn--leagaviika-52b
,lesja
,levanger
,lier
,lierne
,lillehammer
,lillesand
,lindesnes
,lindas
,xn--linds-pra
,lom
,loppa
,lahppi
,xn--lhppi-xqa
,lund
,lunner
,luroy
,xn--lury-ira
,luster
,lyngdal
,lyngen
,ivgu
,lardal
,lerdal
,xn--lrdal-sra
,lodingen
,xn--ldingen-q1a
,lorenskog
,xn--lrenskog-54a
,loten
,xn--lten-gra
,malvik
,masoy
,xn--msy-ula0h
,muosat
,xn--muost-0qa
,mandal
,marker
,marnardal
,masfjorden
,meland
,meldal
,melhus
,meloy
,xn--mely-ira
,meraker
,xn--merker-kua
,moareke
,xn--moreke-jua
,midsund
,midtre-gauldal
,modalen
,modum
,molde
,moskenes
,moss
,mosvik
,malselv
,xn--mlselv-iua
,malatvuopmi
,xn--mlatvuopmi-s4a
,namdalseid
,aejrie
,namsos
,namsskogan
,naamesjevuemie
,xn--nmesjevuemie-tcba
,laakesvuemie
,nannestad
,narvik
,narviika
,naustdal
,nedre-eiker
,akershus
>nes
<buskerud
>nes
<nesna
,nesodden
,nesseby
,unjarga
,xn--unjrga-rta
,nesset
,nissedal
,nittedal
,nord-aurdal
,nord-fron
,nord-odal
,norddal
,nordkapp
,davvenjarga
,xn--davvenjrga-y4a
,nordre-land
,nordreisa
,raisa
,xn--risa-5na
,nore-og-uvdal
,notodden
,naroy
,xn--nry-yla5g
,notteroy
,xn--nttery-byae
,odda
,oksnes
,xn--ksnes-uua
,oppdal
,oppegard
,xn--oppegrd-ixa
,orkdal
,orland
,xn--rland-uua
,orskog
,xn--rskog-uua
,orsta
,xn--rsta-fra
,hedmark
>os
,valer
,xn--vler-qoa
<hordaland
>os
<osen
,osteroy
,xn--ostery-fya
,ostre-toten
,xn--stre-toten-zcb
,overhalla
,ovre-eiker
,xn--vre-eiker-k8a
,oyer
,xn--yer-zna
,oygarden
,xn--ygarden-p1a
,oystre-slidre
,xn--ystre-slidre-ujb
,porsanger
,porsangu
,xn--porsgu-sta26f
,porsgrunn
,radoy
,xn--rady-ira
,rakkestad
,rana
,ruovat
,randaberg
,rauma
,rendalen
,rennebu
,rennesoy
,xn--rennesy-v1a
,rindal
,ringebu
,ringerike
,ringsaker
,rissa
,risor
,xn--risr-ira
,roan
,rollag
,rygge
,ralingen
,xn--rlingen-mxa
,rodoy
,xn--rdy-0nab
,romskog
,xn--rmskog-bya
,roros
,xn--rros-gra
,rost
,xn--rst-0na
,royken
,xn--ryken-vua
,royrvik
,xn--ryrvik-bya
,rade
,xn--rde-ula
,salangen
,siellak
,saltdal
,salat
,xn--slt-elab
,xn--slat-5na
,samnanger
,vestfold
>sande
<sandefjord
,sandnes
,sandoy
,xn--sandy-yua
,sarpsborg
,sauda
,sauherad
,sel
,selbu
,selje
,seljord
,sigdal
,siljan
,sirdal
,skaun
,skedsmo
,ski
,skien
,skiptvet
,skjervoy
,xn--skjervy-v1a
,skierva
,xn--skierv-uta
,skjak
,xn--skjk-soa
,skodje
,skanland
,xn--sknland-fxa
,skanit
,xn--sknit-yqa
,smola
,xn--smla-hra
,snillfjord
,snasa
,xn--snsa-roa
,snoasa
,snaase
,xn--snase-nra
,sogndal
,sokndal
,sola
,solund
,songdalen
,sortland
,spydeberg
,stange
,stavanger
,steigen
,steinkjer
,stjordal
,xn--stjrdal-s1a
,stokke
,stor-elvdal
,stord
,stordal
,storfjord
,omasvuotna
,strand
,stranda
,stryn
,sula
,suldal
,sund
,sunndal
,surnadal
,sveio
,svelvik
,sykkylven
,sogne
,xn--sgne-gra
,somna
,xn--smna-gra
,sondre-land
,xn--sndre-land-0cb
,sor-aurdal
,xn--sr-aurdal-l8a
,sor-fron
,xn--sr-fron-q1a
,sor-odal
,xn--sr-odal-q1a
,sor-varanger
,xn--sr-varanger-ggb
,matta-varjjat
,xn--mtta-vrjjat-k7af
,sorfold
,xn--srfold-bya
,sorreisa
,xn--srreisa-q1a
,sorum
,xn--srum-gra
,tana
,deatnu
,time
,tingvoll
,tinn
,tjeldsund
,dielddanuorri
,tjome
,xn--tjme-hra
,tokke
,tolga
,torsken
,tranoy
,xn--trany-yua
,tromso
,xn--troms-zua
,tromsa
,romsa
,trondheim
,troandin
,trysil
,trana
,xn--trna-woa
,trogstad
,xn--trgstad-r1a
,tvedestrand
,tydal
,tynset
,tysfjord
,divtasvuodna
,divttasvuotna
,tysnes
,tysvar
,xn--tysvr-vra
,tonsberg
,xn--tnsberg-q1a
,ullensaker
,ullensvang
,ulvik
,utsira
,vadso
,xn--vads-jra
,cahcesuolo
,xn--hcesuolo-7ya35b
,vaksdal
,valle
,vang
,vanylven
,vardo
,xn--vard-jra
,varggat
,xn--vrggt-xqad
,vefsn
,vaapste
,vega
,vegarshei
,xn--vegrshei-c0a
,vennesla
,verdal
,verran
,vestby
,vestnes
,vestre-slidre
,vestre-toten
,vestvagoy
,xn--vestvgy-ixa6o
,vevelstad
,vik
,vikna
,vindafjord
,volda
,voss
,varoy
,xn--vry-yla5g
,vagan
,xn--vgan-qoa
,voagat
,vagsoy
,xn--vgsy-qoa0j
,vaga
,xn--vg-yiab
,ostfold
>valer
<xn--stfold-9xa
>xn--vler-qoa
<
<np
>
*
<nr
>biz
,info
,gov
,edu
,org
,net
,com
<nu
,nz
>ac
,co
,cri
,geek
,gen
,govt
,health
,iwi
,kiwi
,maori
,mil
,xn--mori-qsa
,net
,org
,parliament
,school
<om
>co
,com
,edu
,gov
,med
,museum
,net
,org
,pro
<onion
,org
,pa
>ac
,gob
,com
,org
,sld
,edu
,net
,ing
,abo
,med
,nom
<pe
>edu
,gob
,nom
,mil
,org
,com
,net
<pf
>com
,org
,edu
<pg
>
*
<ph
>com
,net
,org
,gov
,edu
,ngo
,mil
,i
<pk
>com
,net
,edu
,org
,fam
,biz
,web
,gov
,gob
,gok
,gon
,gop
,gos
,info
<pl
>com
,net
,org
,aid
,agro
,atm
,auto
,biz
,edu
,gmina
,gsm
,info
,mail
,miasta
,media
,mil
,nieruchomosci
,nom
,pc
,powiat
,priv
,realestate
,rel
,sex
,shop
,sklep
,sos
,szkola
,targi
,tm
,tourism
,travel
,turystyka
,gov
>ap
,griw
,ic
,is
,kmpsp
,konsulat
,kppsp
,kwp
,kwpsp
,mup
,mw
,oia
,oirm
,oke
,oow
,oschr
,oum
,pa
,pinb
,piw
,po
,pr
,psp
,psse
,pup
,rzgw
,sa
,sdn
,sko
,so
,sr
,starostwo
,ug
,ugim
,um
,umig
,upow
,uppo
,us
,uw
,uzs
,wif
,wiih
,winb
,wios
,witd
,wiw
,wkz
,wsa
,wskr
,wsse
,wuoz
,wzmiuw
,zp
,zpisdn
<augustow
,babia-gora
,bedzin
,beskidy
,bialowieza
,bialystok
,bielawa
,bieszczady
,boleslawiec
,bydgoszcz
,bytom
,cieszyn
,czeladz
,czest
,dlugoleka
,elblag
,elk
,glogow
,gniezno
,gorlice
,grajewo
,ilawa
,jaworzno
,jelenia-gora
,jgora
,kalisz
,kazimierz-dolny
,karpacz
,kartuzy
,kaszuby
,katowice
,kepno
,ketrzyn
,klodzko
,kobierzyce
,kolobrzeg
,konin
,konskowola
,kutno
,lapy
,lebork
,legnica
,lezajsk
,limanowa
,lomza
,lowicz
,lubin
,lukow
,malbork
,malopolska
,mazowsze
,mazury
,mielec
,mielno
,mragowo
,naklo
,nowaruda
,nysa
,olawa
,olecko
,olkusz
,olsztyn
,opoczno
,opole
,ostroda
,ostroleka
,ostrowiec
,ostrowwlkp
,pila
,pisz
,podhale
,podlasie
,polkowice
,pomorze
,pomorskie
,prochowice
,pruszkow
,przeworsk
,pulawy
,radom
,rawa-maz
,rybnik
,rzeszow
,sanok
,sejny
,slask
,slupsk
,sosnowiec
,stalowa-wola
,skoczow
,starachowice
,stargard
,suwalki
,swidnica
,swiebodzin
,swinoujscie
,szczecin
,szczytno
,tarnobrzeg
,tgory
,turek
,tychy
,ustka
,walbrzych
,warmia
,warszawa
,waw
,wegrow
,wielun
,wlocl
,wloclawek
,wodzislaw
,wolomin
,wroclaw
,zachpomor
,zagan
,zarow
,zgora
,zgorzelec
<pm
,pn
>gov
,co
,org
,edu
,net
<post
,pr
>com
,net
,org
,gov
,edu
,isla
,pro
,biz
,info
,name
,est
,prof
,ac
<pro
>aaa
,aca
,acct
,avocat
,bar
,cpa
,eng
,jur
,law
,med
,recht
<ps
>edu
,gov
,sec
,plo
,com
,org
,net
<pt
>net
,gov
,org
,edu
,int
,publ
,com
,nome
<pw
>co
,ne
,or
,ed
,go
,belau
<py
>com
,coop
,edu
,gov
,mil
,net
,org
<qa
>com
,edu
,gov
,mil
,name
,net
,org
,sch
<re
>asso
,com
,nom
<ro
>arts
,com
,firm
,info
,nom
,nt
,org
,rec
,store
,tm
,www
<rs
>ac
,co
,edu
,gov
,in
,org
<ru
,rw
>ac
,co
,coop
,gov
,mil
,net
,org
<sa
>com
,net
,org
,gov
,med
,pub
,edu
,sch
<sb
>com
,edu
,gov
,net
,org
<sc
>com
,gov
,net
,org
,edu
<sd
>com
,net
,org
,edu
,med
,tv
,gov
,info
<se
>a
,ac
,b
,bd
,brand
,c
,d
,e
,f
,fh
,fhsk
,fhv
,g
,h
,i
,k
,komforb
,kommunalforbund
,komvux
,l
,lanbib
,m
,n
,naturbruksgymn
,o
,org
,p
,parti
,pp
,press
,r
,s
,t
,tm
,u
,w
,x
,y
,z
<sg
>com
,net
,org
,gov
,edu
,per
<sh
>com
,net
,gov
,org
,mil
<si
,sj
,sk
,sl
>com
,net
,edu
,gov
,org
<sm
,sn
>art
,com
,edu
,gouv
,org
,perso
,univ
<so
>com
,edu
,gov
,me
,net
,org
<sr
,ss
>biz
,com
,edu
,gov
,me
,net
,org
,sch
<st
>co
,com
,consulado
,edu
,embaixada
,mil
,net
,org
,principe
,saotome
,store
<su
,sv
>com
,edu
,gob
,org
,red
<sx
>gov
<sy
>edu
,gov
,net
,mil
,com
,org
<sz
>co
,ac
,org
<tc
,td
,tel
,tf
,tg
,th
>ac
,co
,go
,in
,mi
,net
,or
<tj
>ac
,biz
,co
,com
,edu
,go
,gov
,int
,mil
,name
,net
,nic
,org
,test
,web
<tk
,tl
>gov
<tm
>com
,co
,org
,net
,nom
,gov
,mil
,edu
<tn
>com
,ens
,fin
,gov
,ind
,info
,intl
,mincom
,nat
,net
,org
,perso
,tourism
<to
>com
,gov
,net
,org
,edu
,mil
<tr
>av
,bbs
,bel
,biz
,com
,dr
,edu
,gen
,gov
,info
,mil
,k12
,kep
,name
,net
,org
,pol
,tel
,tsk
,tv
,web
,nc
>gov
<
<tt
>co
,com
,org
,net
,biz
,info
,pro
,int
,coop
,jobs
,mobi
,travel
,museum
,aero
,name
,gov
,edu
<tv
,tw
>edu
,gov
,mil
,com
,net
,org
,idv
,game
,ebiz
,club
,xn--zf0ao64a
,xn--uc0atv
,xn--czrw28b
<tz
>ac
,co
,go
,hotel
,info
,me
,mil
,mobi
,ne
,or
,sc
,tv
<ua
>com
,edu
,gov
,in
,net
,org
,cherkassy
,cherkasy
,chernigov
,chernihiv
,chernivtsi
,chernovtsy
,ck
,cn
,cr
,crimea
,cv
,dn
,dnepropetrovsk
,dnipropetrovsk
,donetsk
,dp
,if
,ivano-frankivsk
,kh
,kharkiv
,kharkov
,kherson
,khmelnitskiy
,khmelnytskyi
,kiev
,kirovograd
,km
,kr
,kropyvnytskyi
,krym
,ks
,kv
,kyiv
,lg
,lt
,lugansk
,luhansk
,lutsk
,lv
,lviv
,mk
,mykolaiv
,nikolaev
,od
,odesa
,odessa
,pl
,poltava
,rivne
,rovno
,rv
,sb
,sebastopol
,sevastopol
,sm
,sumy
,te
,ternopil
,uz
,uzhgorod
,uzhhorod
,vinnica
,vinnytsia
,vn
,volyn
,yalta
,zakarpattia
,zaporizhzhe
,zaporizhzhia
,zhitomir
,zhytomyr
,zp
,zt
<ug
>co
,or
,ac
,sc
,go
,ne
,com
,org
<uk
>ac
,co
,gov
,ltd
,me
,net
,nhs
,org
,plc
,police
,sch
>
*
<
<us
>dni
,fed
,isa
,kids
,nsn
,ak
>k12
,cc
,lib
<al
>k12
,cc
,lib
<ar
>k12
,cc
,lib
<as
>k12
,cc
,lib
<az
>k12
,cc
,lib
<ca
>k12
,cc
,lib
<co
>k12
,cc
,lib
<ct
>k12
,cc
,lib
<dc
>k12
,cc
,lib
<de
>cc
<fl
>k12
,cc
,lib
<ga
>k12
,cc
,lib
<gu
>k12
,cc
,lib
<hi
>cc
,lib
<ia
>k12
,cc
,lib
<id
>k12
,cc
,lib
<il
>k12
,cc
,lib
<in
>k12
,cc
,lib
<ks
>k12
,cc
,lib
<ky
>k12
,cc
,lib
<la
>k12
,cc
,lib
<ma
>k12
>pvt
,chtr
,paroch
<cc
,lib
<md
>k12
,cc
,lib
<me
>k12
,cc
,lib
<mi
>k12
,cc
,lib
,ann-arbor
,cog
,dst
,eaton
,gen
,mus
,tec
,washtenaw
<mn
>k12
,cc
,lib
<mo
>k12
,cc
,lib
<ms
>k12
,cc
,lib
<mt
>k12
,cc
,lib
<nc
>k12
,cc
,lib
<nd
>cc
,lib
<ne
>k12
,cc
,lib
<nh
>k12
,cc
,lib
<nj
>k12
,cc
,lib
<nm
>k12
,cc
,lib
<nv
>k12
,cc
,lib
<ny
>k12
,cc
,lib
<oh
>k12
,cc
,lib
<ok
>k12
,cc
,lib
<or
>k12
,cc
,lib
<pa
>k12
,cc
,lib
<pr
>k12
,cc
,lib
<ri
>cc
,lib
<sc
>k12
,cc
,lib
<sd
>cc
,lib
<tn
>k12
,cc
,lib
<tx
>k12
,cc
,lib
<ut
>k12
,cc
,lib
<vi
>k12
,cc
,lib
<vt
>k12
,cc
,lib
<va
>k12
,cc
,lib
<wa
>k12
,cc
,lib
<wi
>k12
,cc
,lib
<wv
>cc
<wy
>k12
,cc
,lib
<
<uy
>com
,edu
,gub
,mil
,net
,org
<uz
>co
,com
,net
,org
<va
,vc
>com
,net
,org
,gov
,mil
,edu
<ve
>arts
,bib
,co
,com
,e12
,edu
,firm
,gob
,gov
,info
,int
,mil
,net
,nom
,org
,rar
,rec
,store
,tec
,web
<vg
,vi
>co
,com
,k12
,net
,org
<vn
>ac
,ai
,biz
,com
,edu
,gov
,health
,id
,info
,int
,io
,name
,net
,org
,pro
,angiang
,bacgiang
,backan
,baclieu
,bacninh
,baria-vungtau
,bentre
,binhdinh
,binhduong
,binhphuoc
,binhthuan
,camau
,cantho
,caobang
,daklak
,daknong
,danang
,dienbien
,dongnai
,dongthap
,gialai
,hagiang
,haiduong
,haiphong
,hanam
,hanoi
,hatinh
,haugiang
,hoabinh
,hungyen
,khanhhoa
,kiengiang
,kontum
,laichau
,lamdong
,langson
,laocai
,longan
,namdinh
,nghean
,ninhbinh
,ninhthuan
,phutho
,phuyen
,quangbinh
,quangnam
,quangngai
,quangninh
,quangtri
,soctrang
,sonla
,tayninh
,thaibinh
,thainguyen
,thanhhoa
,thanhphohochiminh
,thuathienhue
,tiengiang
,travinh
,tuyenquang
,vinhlong
,vinhphuc
,yenbai
<vu
>com
,edu
,net
,org
<wf
,ws
>com
,net
,org
,gov
,edu
<yt
,xn--mgbaam7a8h
,xn--y9a3aq
,xn--54b7fta0cc
,xn--90ae
,xn--mgbcpq6gpa1a
,xn--90ais
,xn--fiqs8s
,xn--fiqz9s
,xn--lgbbat1ad8j
,xn--wgbh1c
,xn--e1a4c
,xn--qxa6a
,xn--mgbah1a3hjkrd
,xn--node
,xn--qxam
,xn--j6w193g
>xn--55qx5d
,xn--wcvs22d
,xn--mxtq1m
,xn--gmqw5a
,xn--od0alg
,xn--uc0atv
<xn--2scrj9c
,xn--3hcrj9c
,xn--45br5cyl
,xn--h2breg3eve
,xn--h2brj9c8c
,xn--mgbgu82a
,xn--rvc1e0am3e
,xn--h2brj9c
,xn--mgbbh1a
,xn--mgbbh1a71e
,xn--fpcrj9c3d
,xn--gecrj9c
,xn--s9brj9c
,xn--45brj9c
,xn--xkc2dl3a5ee0h
,xn--mgba3a4f16a
,xn--mgba3a4fra
,xn--mgbtx2b
,xn--mgbayh7gpa
,xn--3e0b707e
,xn--80ao21a
,xn--q7ce6a
,xn--fzc2c9e2c
,xn--xkc2al3hye2a
,xn--mgbc0a9azcg
,xn--d1alf
,xn--l1acc
,xn--mix891f
,xn--mix082f
,xn--mgbx4cd0ab
,xn--mgb9awbf
,xn--mgbai9azgqp6j
,xn--mgbai9a5eva00b
,xn--ygbi2ammx
,xn--90a3ac
>xn--o1ac
,xn--c1avg
,xn--90azh
,xn--d1at
,xn--o1ach
,xn--80au
<xn--p1ai
,xn--wgbl6a
,xn--mgberp4a5d4ar
,xn--mgberp4a5d4a87g
,xn--mgbqly7c0a67fbc
,xn--mgbqly7cvafr
,xn--mgbpl2fh
,xn--yfro4i67o
,xn--clchc0ea0b2g2a9gcd
,xn--ogbpf8fl
,xn--mgbtf8fl
,xn--o3cw4h
>xn--12c1fe0br
,xn--12co0c3b4eva
,xn--h3cuzk1di
,xn--o3cyx2a
,xn--m3ch0j3a
,xn--12cfi8ixb8l
<xn--pgbs0dh
,xn--kpry57d
,xn--kprw13d
,xn--nnx388a
,xn--j1amh
,xn--mgb2ddes
,xxx
,ye
>com
,edu
,gov
,net
,mil
,org
<za
>ac
,agric
,alt
,co
,edu
,gov
,grondar
,law
,mil
,net
,ngo
,nic
,nis
,nom
,org
,school
,tm
,web
<zm
>ac
,biz
,co
,com
,edu
,gov
,info
,mil
,net
,org
,sch
<zw
>ac
,co
,gov
,mil
,org
<aaa
,aarp
,abb
,abbott
,abbvie
,abc
,able
,abogado
,abudhabi
,academy
,accenture
,accountant
,accountants
,aco
,actor
,ads
,adult
,aeg
,aetna
,afl
,africa
,agakhan
,agency
,aig
,airbus
,airforce
,airtel
,akdn
,alibaba
,alipay
,allfinanz
,allstate
,ally
,alsace
,alstom
,amazon
,americanexpress
,americanfamily
,amex
,amfam
,amica
,amsterdam
,analytics
,android
,anquan
,anz
,aol
,apartments
,app
,apple
,aquarelle
,arab
,aramco
,archi
,army
,art
,arte
,asda
,associates
,athleta
,attorney
,auction
,audi
,audible
,audio
,auspost
,author
,auto
,autos
,aws
,axa
,azure
,baby
,baidu
,banamex
,band
,bank
,bar
,barcelona
,barclaycard
,barclays
,barefoot
,bargains
,baseball
,basketball
,bauhaus
,bayern
,bbc
,bbt
,bbva
,bcg
,bcn
,beats
,beauty
,beer
,bentley
,berlin
,best
,bestbuy
,bet
,bharti
,bible
,bid
,bike
,bing
,bingo
,bio
,black
,blackfriday
,blockbuster
,blog
,bloomberg
,blue
,bms
,bmw
,bnpparibas
,boats
,boehringer
,bofa
,bom
,bond
,boo
,book
,booking
,bosch
,bostik
,boston
,bot
,boutique
,box
,bradesco
,bridgestone
,broadway
,broker
,brother
,brussels
,build
,builders
,business
,buy
,buzz
,bzh
,cab
,cafe
,cal
,call
,calvinklein
,cam
,camera
,camp
,canon
,capetown
,capital
,capitalone
,car
,caravan
,cards
,care
,career
,careers
,cars
,casa
,case
,cash
,casino
,catering
,catholic
,cba
,cbn
,cbre
,center
,ceo
,cern
,cfa
,cfd
,chanel
,channel
,charity
,chase
,chat
,cheap
,chintai
,christmas
,chrome
,church
,cipriani
,circle
,cisco
,citadel
,citi
,citic
,city
,claims
,cleaning
,click
,clinic
,clinique
,clothing
,cloud
,club
,clubmed
,coach
,codes
,coffee
,college
,cologne
,commbank
,community
,company
,compare
,computer
,comsec
,condos
,construction
,consulting
,contact
,contractors
,cooking
,cool
,corsica
,country
,coupon
,coupons
,courses
,cpa
,credit
,creditcard
,creditunion
,cricket
,crown
,crs
,cruise
,cruises
,cuisinella
,cymru
,cyou
,dabur
,dad
,dance
,data
,date
,dating
,datsun
,day
,dclk
,dds
,deal
,dealer
,deals
,degree
,delivery
,dell
,deloitte
,delta
,democrat
,dental
,dentist
,desi
,design
,dev
,dhl
,diamonds
,diet
,digital
,direct
,directory
,discount
,discover
,dish
,diy
,dnp
,docs
,doctor
,dog
,domains
,dot
,download
,drive
,dtv
,dubai
,dunlop
,dupont
,durban
,dvag
,dvr
,earth
,eat
,eco
,edeka
,education
,email
,emerck
,energy
,engineer
,engineering
,enterprises
,epson
,equipment
,ericsson
,erni
,esq
,estate
,eurovision
,eus
,events
,exchange
,expert
,exposed
,express
,extraspace
,fage
,fail
,fairwinds
,faith
,family
,fan
,fans
,farm
,farmers
,fashion
,fast
,fedex
,feedback
,ferrari
,ferrero
,fidelity
,fido
,film
,final
,finance
,financial
,fire
,firestone
,firmdale
,fish
,fishing
,fit
,fitness
,flickr
,flights
,flir
,florist
,flowers
,fly
,foo
,food
,football
,ford
,forex
,forsale
,forum
,foundation
,fox
,free
,fresenius
,frl
,frogans
,frontier
,ftr
,fujitsu
,fun
,fund
,furniture
,futbol
,fyi
,gal
,gallery
,gallo
,gallup
,game
,games
,gap
,garden
,gay
,gbiz
,gdn
,gea
,gent
,genting
,george
,ggee
,gift
,gifts
,gives
,giving
,glass
,gle
,global
,globo
,gmail
,gmbh
,gmo
,gmx
,godaddy
,gold
,goldpoint
,golf
,goo
,goodyear
,goog
,google
,gop
,got
,grainger
,graphics
,gratis
,green
,gripe
,grocery
,group
,gucci
,guge
,guide
,guitars
,guru
,hair
,hamburg
,hangout
,haus
,hbo
,hdfc
,hdfcbank
,health
,healthcare
,help
,helsinki
,here
,hermes
,hiphop
,hisamitsu
,hitachi
,hiv
,hkt
,hockey
,holdings
,holiday
,homedepot
,homegoods
,homes
,homesense
,honda
,horse
,hospital
,host
,hosting
,hot
,hotels
,hotmail
,house
,how
,hsbc
,hughes
,hyatt
,hyundai
,ibm
,icbc
,ice
,icu
,ieee
,ifm
,ikano
,imamat
,imdb
,immo
,immobilien
,inc
,industries
,infiniti
,ing
,ink
,institute
,insurance
,insure
,international
,intuit
,investments
,ipiranga
,irish
,ismaili
,ist
,istanbul
,itau
,itv
,jaguar
,java
,jcb
,jeep
,jetzt
,jewelry
,jio
,jll
,jmp
,jnj
,joburg
,jot
,joy
,jpmorgan
,jprs
,juegos
,juniper
,kaufen
,kddi
,kerryhotels
,kerrylogistics
,kerryproperties
,kfh
,kia
,kids
,kim
,kindle
,kitchen
,kiwi
,koeln
,komatsu
,kosher
,kpmg
,kpn
,krd
,kred
,kuokgroup
,kyoto
,lacaixa
,lamborghini
,lamer
,lancaster
,land
,landrover
,lanxess
,lasalle
,lat
,latino
,latrobe
,law
,lawyer
,lds
,lease
,leclerc
,lefrak
,legal
,lego
,lexus
,lgbt
,lidl
,life
,lifeinsurance
,lifestyle
,lighting
,like
,lilly
,limited
,limo
,lincoln
,link
,lipsy
,live
,living
,llc
,llp
,loan
,loans
,locker
,locus
,lol
,london
,lotte
,lotto
,love
,lpl
,lplfinancial
,ltd
,ltda
,lundbeck
,luxe
,luxury
,madrid
,maif
,maison
,makeup
,man
,management
,mango
,map
,market
,marketing
,markets
,marriott
,marshalls
,mattel
,mba
,mckinsey
,med
,media
,meet
,melbourne
,meme
,memorial
,men
,menu
,merckmsd
,miami
,microsoft
,mini
,mint
,mit
,mitsubishi
,mlb
,mls
,mma
,mobile
,moda
,moe
,moi
,mom
,monash
,money
,monster
,mormon
,mortgage
,moscow
,moto
,motorcycles
,mov
,movie
,msd
,mtn
,mtr
,music
,nab
,nagoya
,navy
,nba
,nec
,netbank
,netflix
,network
,neustar
,new
,news
,next
,nextdirect
,nexus
,nfl
,ngo
,nhk
,nico
,nike
,nikon
,ninja
,nissan
,nissay
,nokia
,norton
,now
,nowruz
,nowtv
,nra
,nrw
,ntt
,nyc
,obi
,observer
,office
,okinawa
,olayan
,olayangroup
,ollo
,omega
,one
,ong
,onl
,online
,ooo
,open
,oracle
,orange
,organic
,origins
,osaka
,otsuka
,ott
,ovh
,page
,panasonic
,paris
,pars
,partners
,parts
,party
,pay
,pccw
,pet
,pfizer
,pharmacy
,phd
,philips
,phone
,photo
,photography
,photos
,physio
,pics
,pictet
,pictures
,pid
,pin
,ping
,pink
,pioneer
,pizza
,place
,play
,playstation
,plumbing
,plus
,pnc
,pohl
,poker
,politie
,porn
,pramerica
,praxi
,press
,prime
,prod
,productions
,prof
,progressive
,promo
,properties
,property
,protection
,pru
,prudential
,pub
,pwc
,qpon
,quebec
,quest
,racing
,radio
,read
,realestate
,realtor
,realty
,recipes
,red
,redstone
,redumbrella
,rehab
,reise
,reisen
,reit
,reliance
,ren
,rent
,rentals
,repair
,report
,republican
,rest
,restaurant
,review
,reviews
,rexroth
,rich
,richardli
,ricoh
,ril
,rio
,rip
,rocks
,rodeo
,rogers
,room
,rsvp
,rugby
,ruhr
,run
,rwe
,ryukyu
,saarland
,safe
,safety
,sakura
,sale
,salon
,samsclub
,samsung
,sandvik
,sandvikcoromant
,sanofi
,sap
,sarl
,sas
,save
,saxo
,sbi
,sbs
,scb
,schaeffler
,schmidt
,scholarships
,school
,schule
,schwarz
,science
,scot
,search
,seat
,secure
,security
,seek
,select
,sener
,services
,seven
,sew
,sex
,sexy
,sfr
,shangrila
,sharp
,shell
,shia
,shiksha
,shoes
,shop
,shopping
,shouji
,show
,silk
,sina
,singles
,site
,ski
,skin
,sky
,skype
,sling
,smart
,smile
,sncf
,soccer
,social
,softbank
,software
,sohu
,solar
,solutions
,song
,sony
,soy
,spa
,space
,sport
,spot
,srl
,stada
,staples
,star
,statebank
,statefarm
,stc
,stcgroup
,stockholm
,storage
,store
,stream
,studio
,study
,style
,sucks
,supplies
,supply
,support
,surf
,surgery
,suzuki
,swatch
,swiss
,sydney
,systems
,tab
,taipei
,talk
,taobao
,target
,tatamotors
,tatar
,tattoo
,tax
,taxi
,tci
,tdk
,team
,tech
,technology
,temasek
,tennis
,teva
,thd
,theater
,theatre
,tiaa
,tickets
,tienda
,tips
,tires
,tirol
,tjmaxx
,tjx
,tkmaxx
,tmall
,today
,tokyo
,tools
,top
,toray
,toshiba
,total
,tours
,town
,toyota
,toys
,trade
,trading
,training
,travel
,travelers
,travelersinsurance
,trust
,trv
,tube
,tui
,tunes
,tushu
,tvs
,ubank
,ubs
,unicom
,university
,uno
,uol
,ups
,vacations
,vana
,vanguard
,vegas
,ventures
,verisign
,versicherung
,vet
,viajes
,video
,vig
,viking
,villas
,vin
,vip
,virgin
,visa
,vision
,viva
,vivo
,vlaanderen
,vodka
,volvo
,vote
,voting
,voto
,voyage
,wales
,walmart
,walter
,wang
,wanggou
,watch
,watches
,weather
,weatherchannel
,webcam
,weber
,website
,wed
,wedding
,weibo
,weir
,whoswho
,wien
,wiki
,williamhill
,win
,windows
,wine
,winners
,wme
,wolterskluwer
,woodside
,work
,works
,world
,wow
,wtc
,wtf
,xbox
,xerox
,xihuan
,xin
,xn--11b4c3d
,xn--1ck2e1b
,xn--1qqw23a
,xn--30rr7y
,xn--3bst00m
,xn--3ds443g
,xn--3pxu8k
,xn--42c2d9a
,xn--45q11c
,xn--4gbrim
,xn--55qw42g
,xn--55qx5d
,xn--5su34j936bgsg
,xn--5tzm5g
,xn--6frz82g
,xn--6qq986b3xl
,xn--80adxhks
,xn--80aqecdr1a
,xn--80asehdb
,xn--80aswg
,xn--8y0a063a
,xn--9dbq2a
,xn--9et52u
,xn--9krt00a
,xn--b4w605ferd
,xn--bck1b9a5dre4c
,xn--c1avg
,xn--c2br7g
,xn--cck2b3b
,xn--cckwcxetd
,xn--cg4bki
,xn--czr694b
,xn--czrs0t
,xn--czru2d
,xn--d1acj3b
,xn--eckvdtc9d
,xn--efvy88h
,xn--fct429k
,xn--fhbei
,xn--fiq228c5hs
,xn--fiq64b
,xn--fjq720a
,xn--flw351e
,xn--fzys8d69uvgm
,xn--g2xx48c
,xn--gckr3f0f
,xn--gk3at1e
,xn--hxt814e
,xn--i1b6b1a6a2e
,xn--imr513n
,xn--io0a7i
,xn--j1aef
,xn--jlq480n2rg
,xn--jvr189m
,xn--kcrx77d1x4a
,xn--kput3i
,xn--mgba3a3ejt
,xn--mgba7c0bbn0a
,xn--mgbab2bd
,xn--mgbca7dzdo
,xn--mgbi4ecexp
,xn--mgbt3dhd
,xn--mk1bu44c
,xn--mxtq1m
,xn--ngbc5azd
,xn--ngbe9e0a
,xn--ngbrx
,xn--nqv7f
,xn--nqv7fs00ema
,xn--nyqy26a
,xn--otu796d
,xn--p1acf
,xn--pssy2u
,xn--q9jyb4c
,xn--qcka1pmc
,xn--rhqv96g
,xn--rovu88b
,xn--ses554g
,xn--t60b56a
,xn--tckwe
,xn--tiq49xqyj
,xn--unup4y
,xn--vermgensberater-ctb
,xn--vermgensberatung-pwb
,xn--vhquv
,xn--vuq861b
,xn--w4r85el8fhu5dnra
,xn--w4rs40l
,xn--xhq521b
,xn--zfr164b
,xyz
,yachts
,yahoo
,yamaxun
,yandex
,yodobashi
,yoga
,yokohama
,you
,youtube
,yun
,zappos
,zara
,zero
,zip
,zone
,zuerich"
`;

exports[`serializeTrie() > matches the snapshot when given the parsed test fixture 2`] = `
"dev
>12chars
,panel
,autocode
,lcl
>
*
<lclstage
>
*
<stg
>
*
<stgstage
>
*
<pages
,r2
,workers
,curv
,deno
,deno-staging
,deta
,evervault
>relay
<fly
,githubpreview
,gateway
>
*
<is-a
,iserv
,runcontainers
,localcert
>user
>
*
<
<loginline
,barsy
,mediatech
,modx
,ngrok
,ngrok-free
,is-cool
,is-not-a
,localplayer
,xmit
,platter-app
,replit
>archer
,bones
,canary
,global
,hacker
,id
,janeway
,kim
,kira
,kirk
,odo
,paris
,picard
,pike
,prerelease
,reed
,riker
,sisko
,spock
,staging
,sulu
,tarpit
,teams
,tucker
,wesley
,worf
<crm
>d
>
*
<w
>
*
<wa
>
*
<wb
>
*
<wc
>
*
<wd
>
*
<we
>
*
<wf
>
*
<
<vercel
,webhare
>
*
<
<it
>12chars
,blogspot
,ibxos
,iliadboxos
,neen
>jc
<tim
>open
>jelastic
>cloud
<
<
<16-b
,32-b
,64-b
,123homepage
,myspreadshop
,syncloud
<pro
>12chars
,cloudns
,dnstrace
>bci
<barsy
,ngrok
<ua
>cc
,inf
,ltd
,cx
,ie
,biz
,co
,pp
,v
<to
>611
,oya
,x0
,quickconnect
>direct
<vpnplus
<vodka
>aaa
<com
>a2hosted
,cpserver
,devcdnaccesso
>
*
<adobeaemcloud
>dev
>
*
<
<airkitapps
,airkitapps-au
,aivencloud
,kasserver
,amazonaws
>af-south-1
>execute-api
,emrappui-prod
,emrnotebooks-prod
,emrstudio-prod
,dualstack
>s3
,s3-accesspoint
,s3-website
<s3
,s3-accesspoint
,s3-object-lambda
,s3-website
,aws-cloud9
>webview-assets
<cloud9
>vfs
,webview-assets
<
<ap-east-1
>execute-api
,emrappui-prod
,emrnotebooks-prod
,emrstudio-prod
,dualstack
>s3
,s3-accesspoint
<s3
,s3-accesspoint
,s3-object-lambda
,s3-website
,aws-cloud9
>webview-assets
<cloud9
>vfs
,webview-assets
<
<ap-northeast-1
>execute-api
,emrappui-prod
,emrnotebooks-prod
,emrstudio-prod
,dualstack
>s3
,s3-accesspoint
,s3-website
<s3
,s3-accesspoint
,s3-object-lambda
,s3-website
,analytics-gateway
,aws-cloud9
>webview-assets
<cloud9
>vfs
,webview-assets
<
<ap-northeast-2
>execute-api
,emrappui-prod
,emrnotebooks-prod
,emrstudio-prod
,dualstack
>s3
,s3-accesspoint
,s3-website
<s3
,s3-accesspoint
,s3-object-lambda
,s3-website
,analytics-gateway
,aws-cloud9
>webview-assets
<cloud9
>vfs
,webview-assets
<
<ap-northeast-3
>execute-api
,emrappui-prod
,emrnotebooks-prod
,emrstudio-prod
,dualstack
>s3
,s3-accesspoint
,s3-website
<s3
,s3-accesspoint
,s3-object-lambda
,s3-website
,aws-cloud9
>webview-assets
<cloud9
>vfs
,webview-assets
<
<ap-south-1
>execute-api
,emrappui-prod
,emrnotebooks-prod
,emrstudio-prod
,dualstack
>s3
,s3-accesspoint
,s3-website
<s3
,s3-accesspoint
,s3-object-lambda
,s3-website
,analytics-gateway
,aws-cloud9
>webview-assets
<cloud9
>vfs
,webview-assets
<
<ap-south-2
>execute-api
,emrappui-prod
,emrnotebooks-prod
,emrstudio-prod
,dualstack
>s3
,s3-accesspoint
<s3
,s3-accesspoint
,s3-object-lambda
,s3-website
<ap-southeast-1
>execute-api
,emrappui-prod
,emrnotebooks-prod
,emrstudio-prod
,dualstack
>s3
,s3-accesspoint
,s3-website
<s3
,s3-accesspoint
,s3-object-lambda
,s3-website
,analytics-gateway
,aws-cloud9
>webview-assets
<cloud9
>vfs
,webview-assets
<
<ap-southeast-2
>execute-api
,emrappui-prod
,emrnotebooks-prod
,emrstudio-prod
,dualstack
>s3
,s3-accesspoint
,s3-website
<s3
,s3-accesspoint
,s3-object-lambda
,s3-website
,analytics-gateway
,aws-cloud9
>webview-assets
<cloud9
>vfs
,webview-assets
<
<ap-southeast-3
>execute-api
,emrappui-prod
,emrnotebooks-prod
,emrstudio-prod
,dualstack
>s3
,s3-accesspoint
<s3
,s3-accesspoint
,s3-object-lambda
,s3-website
<ap-southeast-4
>execute-api
,emrappui-prod
,emrnotebooks-prod
,emrstudio-prod
,dualstack
>s3
,s3-accesspoint
<s3
,s3-accesspoint
,s3-object-lambda
,s3-website
<ca-central-1
>execute-api
,emrappui-prod
,emrnotebooks-prod
,emrstudio-prod
,dualstack
>s3
,s3-accesspoint
,s3-accesspoint-fips
,s3-fips
,s3-website
<s3
,s3-accesspoint
,s3-accesspoint-fips
,s3-fips
,s3-object-lambda
,s3-website
,aws-cloud9
>webview-assets
<cloud9
>vfs
,webview-assets
<
<ca-west-1
>execute-api
,emrappui-prod
,emrnotebooks-prod
,emrstudio-prod
,dualstack
>s3
,s3-accesspoint
,s3-accesspoint-fips
,s3-fips
,s3-website
<s3
,s3-accesspoint
,s3-accesspoint-fips
,s3-fips
,s3-website
<eu-central-1
>execute-api
,emrappui-prod
,emrnotebooks-prod
,emrstudio-prod
,dualstack
>s3
,s3-accesspoint
,s3-website
<s3
,s3-accesspoint
,s3-object-lambda
,s3-website
,analytics-gateway
,aws-cloud9
>webview-assets
<cloud9
>vfs
,webview-assets
<
<eu-central-2
>execute-api
,emrappui-prod
,emrnotebooks-prod
,emrstudio-prod
,dualstack
>s3
,s3-accesspoint
<s3
,s3-accesspoint
,s3-object-lambda
,s3-website
<eu-north-1
>execute-api
,emrappui-prod
,emrnotebooks-prod
,emrstudio-prod
,dualstack
>s3
,s3-accesspoint
<s3
,s3-accesspoint
,s3-object-lambda
,s3-website
,aws-cloud9
>webview-assets
<cloud9
>vfs
,webview-assets
<
<eu-south-1
>execute-api
,emrappui-prod
,emrnotebooks-prod
,emrstudio-prod
,dualstack
>s3
,s3-accesspoint
,s3-website
<s3
,s3-accesspoint
,s3-object-lambda
,s3-website
,aws-cloud9
>webview-assets
<cloud9
>vfs
,webview-assets
<
<eu-south-2
>execute-api
,emrappui-prod
,emrnotebooks-prod
,emrstudio-prod
,dualstack
>s3
,s3-accesspoint
<s3
,s3-accesspoint
,s3-object-lambda
,s3-website
<eu-west-1
>execute-api
,emrappui-prod
,emrnotebooks-prod
,emrstudio-prod
,dualstack
>s3
,s3-accesspoint
,s3-website
<s3
,s3-accesspoint
,s3-deprecated
,s3-object-lambda
,s3-website
,analytics-gateway
,aws-cloud9
>webview-assets
<cloud9
>vfs
,webview-assets
<
<eu-west-2
>execute-api
,emrappui-prod
,emrnotebooks-prod
,emrstudio-prod
,dualstack
>s3
,s3-accesspoint
<s3
,s3-accesspoint
,s3-object-lambda
,s3-website
,aws-cloud9
>webview-assets
<cloud9
>vfs
,webview-assets
<
<eu-west-3
>execute-api
,emrappui-prod
,emrnotebooks-prod
,emrstudio-prod
,dualstack
>s3
,s3-accesspoint
,s3-website
<s3
,s3-accesspoint
,s3-object-lambda
,s3-website
,aws-cloud9
>webview-assets
<cloud9
>vfs
,webview-assets
<
<il-central-1
>execute-api
,emrappui-prod
,emrnotebooks-prod
,emrstudio-prod
,dualstack
>s3
,s3-accesspoint
<s3
,s3-accesspoint
,s3-object-lambda
,s3-website
,aws-cloud9
>webview-assets
<cloud9
>vfs
<
<me-central-1
>execute-api
,emrappui-prod
,emrnotebooks-prod
,emrstudio-prod
,dualstack
>s3
,s3-accesspoint
<s3
,s3-accesspoint
,s3-object-lambda
,s3-website
<me-south-1
>execute-api
,emrappui-prod
,emrnotebooks-prod
,emrstudio-prod
,dualstack
>s3
,s3-accesspoint
<s3
,s3-accesspoint
,s3-object-lambda
,s3-website
,aws-cloud9
>webview-assets
<cloud9
>vfs
,webview-assets
<
<sa-east-1
>execute-api
,emrappui-prod
,emrnotebooks-prod
,emrstudio-prod
,dualstack
>s3
,s3-accesspoint
,s3-website
<s3
,s3-accesspoint
,s3-object-lambda
,s3-website
,aws-cloud9
>webview-assets
<cloud9
>vfs
,webview-assets
<
<us-east-1
>execute-api
,emrappui-prod
,emrnotebooks-prod
,emrstudio-prod
,dualstack
>s3
,s3-accesspoint
,s3-accesspoint-fips
,s3-fips
,s3-website
<s3
,s3-accesspoint
,s3-accesspoint-fips
,s3-deprecated
,s3-fips
,s3-object-lambda
,s3-website
,analytics-gateway
,aws-cloud9
>webview-assets
<cloud9
>vfs
,webview-assets
<
<us-east-2
>execute-api
,emrappui-prod
,emrnotebooks-prod
,emrstudio-prod
,dualstack
>s3
,s3-accesspoint
,s3-accesspoint-fips
,s3-fips
<s3
,s3-accesspoint
,s3-accesspoint-fips
,s3-deprecated
,s3-fips
,s3-object-lambda
,s3-website
,analytics-gateway
,aws-cloud9
>webview-assets
<cloud9
>vfs
,webview-assets
<
<us-gov-east-1
>execute-api
,emrappui-prod
,emrnotebooks-prod
,emrstudio-prod
,dualstack
>s3
,s3-accesspoint
,s3-accesspoint-fips
,s3-fips
<s3
,s3-accesspoint
,s3-accesspoint-fips
,s3-fips
,s3-object-lambda
,s3-website
<us-gov-west-1
>execute-api
,emrappui-prod
,emrnotebooks-prod
,emrstudio-prod
,dualstack
>s3
,s3-accesspoint
,s3-accesspoint-fips
,s3-fips
<s3
,s3-accesspoint
,s3-accesspoint-fips
,s3-fips
,s3-object-lambda
,s3-website
<us-west-1
>execute-api
,emrappui-prod
,emrnotebooks-prod
,emrstudio-prod
,dualstack
>s3
,s3-accesspoint
,s3-accesspoint-fips
,s3-fips
,s3-website
<s3
,s3-accesspoint
,s3-accesspoint-fips
,s3-fips
,s3-object-lambda
,s3-website
,aws-cloud9
>webview-assets
<cloud9
>vfs
,webview-assets
<
<us-west-2
>execute-api
,emrappui-prod
,emrnotebooks-prod
,emrstudio-prod
,dualstack
>s3
,s3-accesspoint
,s3-accesspoint-fips
,s3-fips
,s3-website
<s3
,s3-accesspoint
,s3-accesspoint-fips
,s3-deprecated
,s3-fips
,s3-object-lambda
,s3-website
,analytics-gateway
,aws-cloud9
>webview-assets
<cloud9
>vfs
,webview-assets
<
<compute
>
*
<compute-1
>
*
<airflow
>af-south-1
>
*
<ap-east-1
>
*
<ap-northeast-1
>
*
<ap-northeast-2
>
*
<ap-northeast-3
>
*
<ap-south-1
>
*
<ap-south-2
>
*
<ap-southeast-1
>
*
<ap-southeast-2
>
*
<ap-southeast-3
>
*
<ap-southeast-4
>
*
<ca-central-1
>
*
<ca-west-1
>
*
<eu-central-1
>
*
<eu-central-2
>
*
<eu-north-1
>
*
<eu-south-1
>
*
<eu-south-2
>
*
<eu-west-1
>
*
<eu-west-2
>
*
<eu-west-3
>
*
<il-central-1
>
*
<me-central-1
>
*
<me-south-1
>
*
<sa-east-1
>
*
<us-east-1
>
*
<us-east-2
>
*
<us-west-1
>
*
<us-west-2
>
*
<
<s3
,s3-1
,s3-ap-east-1
,s3-ap-northeast-1
,s3-ap-northeast-2
,s3-ap-northeast-3
,s3-ap-south-1
,s3-ap-southeast-1
,s3-ap-southeast-2
,s3-ca-central-1
,s3-eu-central-1
,s3-eu-north-1
,s3-eu-west-1
,s3-eu-west-2
,s3-eu-west-3
,s3-external-1
,s3-fips-us-gov-east-1
,s3-fips-us-gov-west-1
,s3-global
>accesspoint
>mrap
<
<s3-me-south-1
,s3-sa-east-1
,s3-us-east-2
,s3-us-gov-east-1
,s3-us-gov-west-1
,s3-us-west-1
,s3-us-west-2
,s3-website-ap-northeast-1
,s3-website-ap-southeast-1
,s3-website-ap-southeast-2
,s3-website-eu-west-1
,s3-website-sa-east-1
,s3-website-us-east-1
,s3-website-us-gov-west-1
,s3-website-us-west-1
,s3-website-us-west-2
,elb
>
*
<
<amazoncognito
>af-south-1
>auth
<ap-east-1
>auth
<ap-northeast-1
>auth
<ap-northeast-2
>auth
<ap-northeast-3
>auth
<ap-south-1
>auth
<ap-south-2
>auth
<ap-southeast-1
>auth
<ap-southeast-2
>auth
<ap-southeast-3
>auth
<ap-southeast-4
>auth
<ca-central-1
>auth
<ca-west-1
>auth
<eu-central-1
>auth
<eu-central-2
>auth
<eu-north-1
>auth
<eu-south-1
>auth
<eu-south-2
>auth
<eu-west-1
>auth
<eu-west-2
>auth
<eu-west-3
>auth
<il-central-1
>auth
<me-central-1
>auth
<me-south-1
>auth
<sa-east-1
>auth
<us-east-1
>auth
,auth-fips
<us-east-2
>auth
,auth-fips
<us-gov-west-1
>auth-fips
<us-west-1
>auth
,auth-fips
<us-west-2
>auth
,auth-fips
<
<amplifyapp
,awsapprunner
>
*
<awsapps
,elasticbeanstalk
>af-south-1
,ap-east-1
,ap-northeast-1
,ap-northeast-2
,ap-northeast-3
,ap-south-1
,ap-southeast-1
,ap-southeast-2
,ap-southeast-3
,ca-central-1
,eu-central-1
,eu-north-1
,eu-south-1
,eu-west-1
,eu-west-2
,eu-west-3
,il-central-1
,me-south-1
,sa-east-1
,us-east-1
,us-east-2
,us-gov-east-1
,us-gov-west-1
,us-west-1
,us-west-2
<awsglobalaccelerator
,siiites
,appspacehosted
,appspaceusercontent
,on-aptible
,myasustor
,balena-devices
,betainabox
,boutir
,bplaced
,cafjs
,canva-apps
,br
,cn
,de
,eu
,jpn
,mex
,ru
,sa
,uk
,us
,za
,ar
,hu
,kr
,no
,qc
,uy
,africa
,gr
,co
,clever-cloud
>services
>
*
<
<jdevcloud
,wpdevcloud
,cloudcontrolapp
,cloudcontrolled
,cf-ipfs
,cloudflare-ipfs
,trycloudflare
,cdn77-storage
,dnsabr
,customer-oci
>
*
,oci
>
*
<ocp
>
*
<ocs
>
*
<
<dattolocal
,dattorelay
,dattoweb
,mydatto
,builtwithdark
,datadetect
>demo
,instance
<ddns5
,discordsays
,discordsez
,drayddns
,dreamhosters
,durumis
,mydrobo
,blogdns
,cechire
,dnsalias
,dnsdojo
,doesntexist
,dontexist
,doomdns
,dyn-o-saur
,dynalias
,dyndns-at-home
,dyndns-at-work
,dyndns-blog
,dyndns-free
,dyndns-home
,dyndns-ip
,dyndns-mail
,dyndns-office
,dyndns-pics
,dyndns-remote
,dyndns-server
,dyndns-web
,dyndns-wiki
,dyndns-work
,est-a-la-maison
,est-a-la-masion
,est-le-patron
,est-mon-blogueur
,from-ak
,from-al
,from-ar
,from-ca
,from-ct
,from-dc
,from-de
,from-fl
,from-ga
,from-hi
,from-ia
,from-id
,from-il
,from-in
,from-ks
,from-ky
,from-ma
,from-md
,from-mi
,from-mn
,from-mo
,from-ms
,from-mt
,from-nc
,from-nd
,from-ne
,from-nh
,from-nj
,from-nm
,from-nv
,from-oh
,from-ok
,from-or
,from-pa
,from-pr
,from-ri
,from-sc
,from-sd
,from-tn
,from-tx
,from-ut
,from-va
,from-vt
,from-wa
,from-wi
,from-wv
,from-wy
,getmyip
,gotdns
,hobby-site
,homelinux
,homeunix
,iamallama
,is-a-anarchist
,is-a-blogger
,is-a-bookkeeper
,is-a-bulls-fan
,is-a-caterer
,is-a-chef
,is-a-conservative
,is-a-cpa
,is-a-cubicle-slave
,is-a-democrat
,is-a-designer
,is-a-doctor
,is-a-financialadvisor
,is-a-geek
,is-a-green
,is-a-guru
,is-a-hard-worker
,is-a-hunter
,is-a-landscaper
,is-a-lawyer
,is-a-liberal
,is-a-libertarian
,is-a-llama
,is-a-musician
,is-a-nascarfan
,is-a-nurse
,is-a-painter
,is-a-personaltrainer
,is-a-photographer
,is-a-player
,is-a-republican
,is-a-rockstar
,is-a-socialist
,is-a-student
,is-a-teacher
,is-a-techie
,is-a-therapist
,is-an-accountant
,is-an-actor
,is-an-actress
,is-an-anarchist
,is-an-artist
,is-an-engineer
,is-an-entertainer
,is-certified
,is-gone
,is-into-anime
,is-into-cars
,is-into-cartoons
,is-into-games
,is-leet
,is-not-certified
,is-slick
,is-uberleet
,is-with-theband
,isa-geek
,isa-hockeynut
,issmarterthanyou
,likes-pie
,likescandy
,neat-url
,saves-the-whales
,selfip
,sells-for-less
,sells-for-u
,servebbs
,simple-url
,space-to-rent
,teaches-yoga
,writesthisblog
,digitaloceanspaces
>
*
<ddnsfree
,ddnsgeek
,giize
,gleeze
,kozow
,loseyourip
,ooguy
,theworkpc
,mytuleap
,tuleap-partners
,encoreapi
,evennode
>eu-1
,eu-2
,eu-3
,eu-4
,us-1
,us-2
,us-3
,us-4
<onfabrica
,fastly-edge
,fastly-terrarium
,fastvps-server
,mydobiss
,firebaseapp
,fldrv
,forgeblocks
,framercanvas
,freebox-os
,freeboxos
,freemyip
,aliases121
,gentapps
,gentlentapis
,githubusercontent
,0emm
>
*
<appspot
>r
>
*
<
<blogspot
,codespot
,googleapis
,googlecode
,pagespeedmobilizer
,publishproxy
,withgoogle
,withyoutube
,grayjayleagues
,awsmppl
,hatenablog
,hatenadiary
,herokuapp
,herokussl
,smushcdn
,wphostedmail
,wpmucdn
,pixolino
,amscompute
,dopaas
,hosted-by-previder
>paas
<hosteur
>rag-cloud
,rag-cloud-ch
<ik-server
>jcloud
,jcloud-ver-jpc
<jelastic
>demo
<kilatiron
,massivegrid
>paas
<wafaicloud
>jed
,lon
,ryd
<webadorsite
,joyent
>cns
>
*
<
<ktistory
,lpusercontent
,linode
>members
,nodebalancer
>
*
<
<linodeobjects
>
*
<linodeusercontent
>ip
<barsycenter
,barsyonline
,mazeplay
,miniserver
,atmeta
,fbsbx
>apps
<meteorapp
>eu
<hostedpi
,mythic-beasts
>caracal
,customer
,fentiger
,lynx
,ocelot
,oncilla
,onza
,sphinx
,vs
,x
,yali
<nospamproxy
>cloud
<4u
,nfshost
,001www
,ddnslive
,myiphost
,3utilities
,blogsyte
,ciscofreak
,damnserver
,ddnsking
,ditchyourip
,dnsiskinky
,dynns
,geekgalaxy
,health-carereform
,homesecuritymac
,homesecuritypc
,myactivedirectory
,mysecuritycamera
,myvnc
,net-freaks
,onthewifi
,point2this
,quicksytes
,securitytactics
,servebeer
,servecounterstrike
,serveexchange
,serveftp
,servegame
,servehalflife
,servehttp
,servehumour
,serveirc
,servemp3
,servep2p
,servepics
,servequake
,servesarcasm
,stufftoread
,unusualperson
,workisboring
,observableusercontent
>static
<simplesite
,orsites
,operaunite
,authgear-staging
,authgearapps
,skygearapp
,outsystemscloud
,ownprovider
,pgfog
,pagexl
,paywhirl
>
*
<gotpantheon
,upsunapp
,platter-app
,postman-echo
,prgmr
>xen
<pythonanywhere
>eu
<qualifioapp
,ladesk
,qbuser
,qa2
,alpha-myqnapcloud
,dev-myqnapcloud
,mycloudnas
,mynascloud
,myqnapcloud
,quipelements
>
*
<rackmaze
,rhcloud
,onrender
,render
>app
<180r
,dojin
,sakuratan
,sakuraweb
,x0
,code
>builder
>
*
<dev-builder
>
*
<stg-builder
>
*
<
<salesforce
>platform
>code-builder-stg
>test
>001
>
*
<
<
<
<
<logoip
,scrysec
,firewall-gateway
,myshopblocks
,myshopify
,shopitsite
,1kapp
,appchizi
,applinzi
,sinaapp
,vipsinaapp
,bounty-full
>alpha
,beta
<streamlitapp
,try-snowplow
,w-corp-staticblitz
,w-credentialless-staticblitz
,w-staticblitz
,stackhero-network
,strapiapp
>media
<playstation-cloud
,myspreadshop
,stdlib
>api
<streak-link
,streaklinks
,streakusercontent
,temp-dns
,dsmynas
,familyds
,mytabit
,tb-hosting
>site
<reservd
,thingdustdata
,bloxcms
,townnews-staging
,typeform
>pro
<hk
,it
,vultrobjects
>
*
<wafflecell
,hotelwithflight
,reserve-online
,cprapid
,pleskns
,remotewd
,wiardweb
>pages
<wixsite
,wixstudio
,messwithdns
,woltlab-demo
,wpenginepowered
>js
<xnbay
>u2
,u2-local
<yolasite
<io
>on-acorn
>
*
<apigee
,b-data
,banzaicloud
>app
,backyards
>
*
<
<beagleboard
,bitbucket
,bluebite
,boxfuse
,brave
>s
>
*
<
<browsersafetymark
,bigv
>uk0
<cleverapps
,dappnode
>dyndns
<darklang
,dedyn
,drud
,definima
,fh-muenster
,shw
,forgerock
>id
<github
,gitlab
,lolipop
,hasura-app
,hostyhosting
,hypernode
,moonscale
>
*
<beebyte
>paas
<beebyteapp
>sekd1
<jele
,unispace
>cloud-fr1
<webthings
,loginline
,barsy
,azurecontainer
>
*
<ngrok
>ap
,au
,eu
,in
,jp
,sa
,us
<nodeart
>stage
<pantheonsite
,dyn53
,pstmn
>mock
<protonet
,qoto
,myrdbx
,rb-hosting
>site
<qcx
>sys
>
*
<
<vaporcloud
,on-k3s
>
*
<on-rio
>
*
<readthedocs
,resindevice
,resinstaging
>devices
<hzc
,sandcats
,scrypted
>client
<shiftedit
,mo-siemens
,musician
,lair
>apps
<stolos
>
*
<spacekit
,utwente
,s5y
>
*
<edugit
,telebit
,thingdust
>dev
>cust
,reservd
<disrec
>cust
,reservd
<prod
>cust
<testing
>cust
,reservd
<
<tickets
,upli
,2038
,webflow
,webflowtest
,wedeploy
,editorx
,wixstudio
,basicserver
,virtualserver
<biz
>activetrail
,cloudns
,jozi
,dyndns
,for-better
,for-more
,for-some
,for-the
,selfip
,webhop
,orx
,mmafan
,myftp
,no-ip
,dscloud
<app
>adaptable
,beget
>
*
<clerk
,clerkstage
,wnext
,csb
>preview
<platform0
,deta
,ondigitalocean
,easypanel
,encr
,evervault
>relay
<expo
>staging
<edgecompute
,fireweb
,flutterflow
,framer
,hosted
>
*
<run
>
*
<web
,hasura
,loginline
,messerli
,netfy
,netlify
,ngrok
,ngrok-free
,developer
>
*
<noop
,northflank
>
*
<upsun
>
*
<replit
>id
<snowflake
>
*
,privatelink
>
*
<
<streamlit
,storipress
,telebit
,typedream
,vercel
,bookonline
,zeabur
<live
>aem
,hlx
,ewp
>
*
<
<net
>adobeaemcloud
,adobeio-static
,adobeioruntime
,akadns
,akamai
,akamai-staging
,akamaiedge
,akamaiedge-staging
,akamaihd
,akamaihd-staging
,akamaiorigin
,akamaiorigin-staging
,akamaized
,akamaized-staging
,edgekey
,edgekey-staging
,edgesuite
,edgesuite-staging
,alwaysdata
,myamaze
,cloudfront
,t3l3p0rt
,appudo
,atlassian-dev
>prod
>cdn
<
<myfritz
,onavstack
,shopselect
,blackbaudcdn
,boomla
,bplaced
,square7
,gb
,hu
,jp
,se
,uk
,in
,clickrising
,cloudaccess
,cloudflareanycast
>cdn
<cloudflarecn
>cdn
<cloudflareglobal
>cdn
<cloudflare
>cdn
<cdn77
>r
<cdn77-ssl
,dns-cloud
,dns-dynamic
,feste-ip
,knx-server
,static-access
,cryptonomic
>
*
<dattolocal
,mydatto
,debian
,bitbridge
,at-band-camp
,blogdns
,broke-it
,buyshouses
,dnsalias
,dnsdojo
,does-it
,dontexist
,dynalias
,dynathome
,endofinternet
,from-az
,from-co
,from-la
,from-ny
,gets-it
,ham-radio-op
,homeftp
,homeip
,homelinux
,homeunix
,in-the-band
,is-a-chef
,is-a-geek
,isa-geek
,kicks-ass
,office-on-the
,podzone
,scrapper-site
,selfip
,sells-it
,servebbs
,serveftp
,thruhere
,webhop
,definima
,casacam
,dynu
,dynv6
,twmail
,ru
,channelsdvr
>u
<fastly
>freetls
,map
,prod
>a
,global
<ssl
>a
,b
,global
<
<fastlylb
>map
<edgeapp
,flynnhosting
,keyword-on
,live-on
,server-on
,cdn-edges
,localcert
,localhostcert
,heteml
,cloudfunctions
,moonscale
,in-dsl
,in-vpn
,ipifony
,iobb
,cloudjiffy
>fra1-de
,west1-us
<elastx
>jls-sto1
,jls-sto2
,jls-sto3
<faststacks
,massivegrid
>paas
>fr-1
,lon-1
,lon-2
,ny-1
,ny-2
,sg-1
<
<saveincloud
>jelastic
,nordeste-idc
<scaleforce
>j
<tsukaeru
>jelastic
<kinghost
,uni5
,krellian
,barsy
,memset
,azure-api
,azure-mobile
,azureedge
,azurefd
,azurestaticapps
>1
,2
,3
,4
,5
,6
,7
,centralus
,eastasia
,eastus2
,westeurope
,westus2
<azurewebsites
,cloudapp
,trafficmanager
,windows
>core
>blob
<servicebus
<dnsup
,hicam
,now-dns
,ownip
,vpndns
,bounceme
,ddns
,eating-organic
,mydissent
,myeffect
,mymediapc
,mypsx
,mysecuritycamera
,nhlfan
,no-ip
,pgafan
,privatizehealthinsurance
,redirectme
,serveblog
,serveminecraft
,sytes
,cloudycluster
,ovh
>hosting
>
*
<webpaas
>
*
<
<myradweb
,rackmaze
,squares
,schokokeks
,firewall-gateway
,seidat
,senseering
,siteleaf
,vps-host
>jelastic
>atl
,njs
,ric
<
<myspreadshop
,srcf
>soc
,user
<supabase
,dsmynas
,familyds
,tailscale
>beta
<ts
>c
>
*
<
<torproject
>pages
<reserve-online
,community-pro
,meinforum
,yandexcloud
>storage
,website
<za
<page
>aem
,hlx
,hlx3
,translated
,codeberg
,prvcy
,rocky
,magnet
,pdns
,plesk
<pl
>beep
,ecommerce-shop
,bielsko
,cfolks
,dfirma
,dkonto
,you2
,shoparena
,homesklep
,sdscloud
,unicloud
,krasnik
,leczna
,lubartow
,lublin
,poniatowa
,swidnik
,co
,torun
,simplesite
,art
,gliwice
,krakow
,poznan
,wroc
,zakopane
,myspreadshop
,gda
,gdansk
,gdynia
,med
,sopot
<eu
>airkitapps
,mycd
,cloudns
,dogado
>jelastic
<barsy
,wellbeingzone
,spdns
,transurl
>
*
<diskstation
<ca
>barsy
,awdev
>
*
<co
,blogspot
,no-ip
,myspreadshop
,box
<estate
>compute
>
*
<
<network
>alces
>
*
<co
,arvo
,azimuth
,tlon
<org
>altervista
,amune
>tele
<pimienta
,poivron
,potager
,sweetpepper
,ae
,us
,certmgr
,cdn77
>c
,rsc
<cdn77-secure
>origin
>ssl
<
<cloudns
,duckdns
,tunk
,blogdns
,blogsite
,boldlygoingnowhere
,dnsalias
,dnsdojo
,doesntexist
,dontexist
,doomdns
,dvrdns
,dynalias
,dyndns
>go
,home
<endofinternet
,endoftheinternet
,from-me
,game-host
,gotdns
,hobby-site
,homedns
,homeftp
,homelinux
,homeunix
,is-a-bruinsfan
,is-a-candidate
,is-a-celticsfan
,is-a-chef
,is-a-geek
,is-a-knight
,is-a-linux-user
,is-a-patsfan
,is-a-soxfan
,is-found
,is-lost
,is-saved
,is-very-bad
,is-very-evil
,is-very-good
,is-very-nice
,is-very-sweet
,isa-geek
,kicks-ass
,misconfused
,podzone
,readmyblog
,selfip
,sellsyourhome
,servebbs
,serveftp
,servegame
,stuff-4-sale
,webhop
,ddnss
,accesscam
,camdvr
,freeddns
,mywire
,webredirect
,twmail
,eu
>al
,asso
,at
,au
,be
,bg
,ca
,cd
,ch
,cn
,cy
,cz
,de
,dk
,edu
,ee
,es
,fi
,fr
,gr
,hr
,hu
,ie
,il
,in
,int
,is
,it
,jp
,kr
,lt
,lu
,lv
,mc
,me
,mk
,mt
,my
,net
,ng
,nl
,no
,nz
,paris
,pl
,pt
,q-a
,ro
,ru
,se
,si
,sk
,tr
,uk
,us
<fedorainfracloud
,fedorapeople
,fedoraproject
>cloud
,os
>app
<stg
>os
>app
<
<
<freedesktop
,hatenadiary
,hepforge
,in-dsl
,in-vpn
,js
,barsy
,mayfirst
,bmoattachments
,dynserv
,now-dns
,cable-modem
,collegefan
,couchpotatofries
,hopto
,mlbfan
,myftp
,mysecuritycamera
,nflfan
,no-ip
,read-books
,ufcfan
,zapto
,is-local
,httpbin
,pubtls
,jpn
,my-firewall
,myfirewall
,spdns
,small-web
,dsmynas
,familyds
,teckids
>s3
<tuxfamily
,diskstation
,hk
,toolforge
,wmcloud
,wmflabs
,za
<cn
>com
>amazonaws
>cn-north-1
>execute-api
,emrappui-prod
,emrnotebooks-prod
,emrstudio-prod
,dualstack
>s3
,s3-accesspoint
,s3-website
<s3
,s3-accesspoint
,s3-deprecated
,s3-object-lambda
,s3-website
<cn-northwest-1
>execute-api
,emrappui-prod
,emrnotebooks-prod
,emrstudio-prod
,dualstack
>s3
,s3-accesspoint
<s3
,s3-accesspoint
,s3-object-lambda
,s3-website
<compute
>
*
<airflow
>cn-north-1
>
*
<cn-northwest-1
>
*
<
<eb
>cn-north-1
,cn-northwest-1
<elb
>
*
<
<sagemaker
>cn-north-1
>notebook
,studio
<cn-northwest-1
>notebook
,studio
<
<
<canva-apps
,canvasite
>my
>
*
<
<myqnapcloud
,sh
>as
<quickconnect
>direct
<
<aws
>sagemaker
>ap-northeast-1
>labeling
,notebook
,studio
<ap-northeast-2
>labeling
,notebook
,studio
<ap-south-1
>labeling
,notebook
,studio
<ap-southeast-1
>labeling
,notebook
,studio
<ap-southeast-2
>labeling
,notebook
,studio
<ca-central-1
>labeling
,notebook
,notebook-fips
,studio
<eu-central-1
>labeling
,notebook
,studio
<eu-west-1
>labeling
,notebook
,studio
<eu-west-2
>labeling
,notebook
,studio
<us-east-1
>labeling
,notebook
,notebook-fips
,studio
<us-east-2
>labeling
,notebook
,notebook-fips
,studio
<us-west-2
>labeling
,notebook
,notebook-fips
,studio
<af-south-1
>notebook
,studio
<ap-east-1
>notebook
,studio
<ap-northeast-3
>notebook
,studio
<ap-south-2
>notebook
<ap-southeast-3
>notebook
,studio
<ap-southeast-4
>notebook
<ca-west-1
>notebook
,notebook-fips
<eu-central-2
>notebook
<eu-north-1
>notebook
,studio
<eu-south-1
>notebook
,studio
<eu-south-2
>notebook
,studio
<eu-west-3
>notebook
,studio
<il-central-1
>notebook
,studio
<me-central-1
>notebook
,studio
<me-south-1
>notebook
,studio
<sa-east-1
>notebook
,studio
<us-gov-east-1
>notebook
,notebook-fips
,studio
,studio-fips
<us-gov-west-1
>notebook
,notebook-fips
,studio
,studio-fips
<us-west-1
>notebook
,notebook-fips
,studio
<experiments
>
*
<
<repost
>private
>
*
<
<
<online
>eero
,eero-stage
,barsy
<si
>f5
,gitapp
,gitpage
,blogspot
<jp
>ne
>aseinet
>user
<gehirn
,ivory
,mail-box
,mints
,mokuren
,opal
,sakura
,sumomo
,topaz
<buyshop
,fashionstore
,handcrafted
,kawaiishop
,supersale
,theshop
,0am
,0g0
,0j0
,0t0
,mydns
,pgw
,wjg
,usercontent
,angry
,babyblue
,babymilk
,backdrop
,bambina
,bitter
,blush
,boo
,boy
,boyfriend
,but
,candypop
,capoo
,catfood
,cheap
,chicappa
,chillout
,chips
,chowder
,chu
,ciao
,cocotte
,coolblog
,cranky
,cutegirl
,daa
,deca
,deci
,digick
,egoism
,fakefur
,fem
,flier
,floppy
,fool
,frenchkiss
,girlfriend
,girly
,gloomy
,gonna
,greater
,hacca
,heavy
,her
,hiho
,hippy
,holy
,hungry
,icurus
,itigo
,jellybean
,kikirara
,kill
,kilo
,kuron
,littlestar
,lolipopmc
,lolitapunk
,lomo
,lovepop
,lovesick
,main
,mods
,mond
,mongolian
,moo
,namaste
,nikita
,nobushi
,noor
,oops
,parallel
,parasite
,pecori
,peewee
,penne
,pepper
,perma
,pigboat
,pinoko
,punyu
,pupu
,pussycat
,pya
,raindrop
,readymade
,sadist
,schoolbus
,secret
,staba
,stripper
,sub
,sunnyday
,thick
,tonkotsu
,under
,upper
,velvet
,verse
,versus
,vivian
,watson
,weblike
,whitesnow
,zombie
,blogspot
,hateblo
,hatenablog
,hatenadiary
,2-d
,bona
,crap
,daynight
,eek
,flop
,halfmoon
,jeez
,matrix
,mimoza
,netgamers
,nyanta
,o0o0
,rdy
,rgr
,rulez
,sakurastorage
>isk01
>s3
<isk02
>s3
<
<saloon
,sblo
,skr
,tank
,uh-oh
,undo
,webaccel
>rs
,user
<websozai
,xii
<vc
>gv
>d
<0e
,mydns
<eus
>party
>user
<
<link
>myfritz
,cyon
,nftstorage
>ipfs
<mypep
,dweb
>
*
<
<ws
>advisor
>
*
<cloud66
,dyndns
,mypets
<ba
>rs
,blogspot
<cloud
>banzai
>
*
<elementor
,encoway
>eu
<statics
>
*
<ravendb
,axarnet
>es-1
<diadem
,jelastic
>vip
<jele
,jenv-aruba
>aruba
>eur
>it1
<
<it1
<keliweb
>cs
<oxa
>tn
,uk
<primetel
>uk
<reclaim
>ca
,uk
,us
<trendhosting
>ch
,de
<jotelulu
,kuleuven
,linkyard
,magentosite
>
*
<observablehq
,perspecta
,vapor
,on-rancher
>
*
<scw
>baremetal
>fr-par-1
,fr-par-2
,nl-ams-1
<fr-par
>cockpit
,fnc
>functions
<k8s
>nodes
<s3
,s3-website
,whm
<instances
>priv
,pub
<k8s
,nl-ams
>cockpit
,k8s
>nodes
<s3
,s3-website
,whm
<pl-waw
>cockpit
,k8s
>nodes
<s3
,s3-website
<scalebook
,smartlabeling
<servebolt
,onstackit
>runs
<sensiosite
>
*
<trafficplex
,unison-services
,urown
,voorloper
,zap
<ec
>base
,official
<shop
>base
,hoplix
,barsy
,barsyonline
<gay
>pages
<la
>bnr
<je
>of
<ch
>square7
,cloudscale
>cust
,lpg
>objects
<rma
>objects
<
<cloudns
,blogspot
,flow
>ae
>alp1
<appengine
<linkyard-cloud
,dnsking
,gotdns
,123website
,myspreadshop
,firenet
>
*
,svc
>
*
<
<12hp
,2ix
,4lima
,lima-city
<de
>bplaced
,square7
,com
,cosidns
>dyn
<dnsupdater
,dynamisches-dns
,internet-dns
,l-o-g-i-n
,dnshome
,fuettertdasnetz
,isteingeek
,istmein
,lebtimnetz
,leitungsen
,traeumtgerade
,ddnss
>dyn
,dyndns
<dyn-ip24
,dyndns1
,home-webserver
>dyn
<myhome-server
,frusky
>
*
<goip
,blogspot
,xn--gnstigbestellen-zvb
,xn--gnstigliefern-wob
,hs-heilbronn
>it
>pages
<
<dyn-berlin
,in-berlin
,in-brb
,in-butter
,in-dsl
,in-vpn
,iservschule
,mein-iserv
,schulplattform
,schulserver
,test-iserv
,keymachine
,git-repos
,lcube-server
,svn-repos
,barsy
,123webseite
,logoip
,firewall-gateway
,my-gateway
,my-router
,spdns
,speedpartner
>customer
<myspreadshop
,taifun-dns
,12hp
,2ix
,4lima
,lima-city
,dd-dns
,dray-dns
,draydns
,dyn-vpn
,dynvpn
,mein-vigor
,my-vigor
,my-wan
,syno-ds
,synology-diskstation
,synology-ds
,uberspace
>
*
<virtual-user
,virtualuser
,community-pro
,diskussionsbereich
<hr
>brendly
>shop
<blogspot
,free
<rs
>brendly
>shop
<blogspot
,ua
,barsy
,ox
<uk
>co
>bytemark
>dh
,vm
<blogspot
,layershift
>j
<barsy
,barsyonline
,retrosnub
>cust
<nh-serv
,no-ip
,wellbeingzone
,adimo
,myspreadshop
<conn
,copro
,hosp
,gov
>campaign
,service
,api
<independent-commission
,independent-inquest
,independent-inquiry
,independent-panel
,independent-review
,public-inquiry
,royal-commission
,pymnt
,org
>glug
,lug
,lugs
,affinitylottery
,raffleentry
,weeklylottery
<barsy
,nimsite
<site
>canva
>my
>
*
<
<cloudera
>
*
<convex
,cyon
,fnwk
,folionetwork
,fastvps
,jele
,jouwweb
,lelux
,loginline
,barsy
,notion
,omniwe
,opensocial
,madethis
,platformsh
>
*
<tst
>
*
<byen
,srht
,novecore
,wpsquared
<ac
>drr
,feedback
,forms
<ai
>uwu
,framer
<co
>carrd
,crd
,otap
>
*
<com
>blogspot
<leadpages
,lpages
,mypi
,n4t
,xmit
>
*
<firewalledreplit
>id
<repl
>id
<supabase
<mp
>ju
<bz
>za
,mydns
,gsj
<se
>com
,blogspot
,conf
,iopsys
,123minsida
,itcouldbewor
,myspreadshop
<in
>web
,cloudns
,blogspot
,barsy
,supabase
<basketball
>aus
,nz
<am
>radio
,blogspot
<fm
>radio
,user
>
*
<
<group
>discourse
<team
>discourse
,jelastic
<cc
>cleverapps
,cloudns
,ftpaccess
,game-server
,myphotos
,scrapping
,twmail
,csx
,fantasyleague
,spawn
>instances
<
<tech
>cleverapps
<me
>c66
,craft
,daplie
>localhost
<edgestack
,filegear
,glitch
,lohmus
,barsy
,mcpe
,mcdir
,soundcast
,tcp4
,brasilia
,ddns
,dnsfor
,hopto
,loginto
,noip
,webhop
,vp4
,diskstation
,dscloud
,i234
,myds
,synology
,transip
>site
<wedeploy
,yombo
,nohost
<zone
>cloud66
,hs
,triton
>
*
<stackit
,lima
<host
>cloudaccess
,freesite
,easypanel
,fastvps
,myfast
,tempurl
,wpmudev
,jele
,mircloud
,wp2
,half
<cz
>co
,contentproxy9
>rsc
<realm
,e4
,blogspot
,metacentrum
>cloud
>
*
<custom
<muni
>cloud
>flt
,usr
<
<
<asia
>cloudns
,daemon
,dix
<be
>cloudns
,webhosting
,blogspot
,interhostsolutions
>cloud
<kuleuven
>ezproxy
<123website
,myspreadshop
,transurl
>
*
<
<cl
>cloudns
,blogspot
<club
>cloudns
,jele
,barsy
<cx
>cloudns
,ath
,info
,assessments
,calculators
,funnels
,paynow
,quizzes
,researched
,tests
<info
>cloudns
,dynamic-dns
,barrel-of-knowledge
,barrell-of-knowledge
,dyndns
,for-our
,groks-the
,groks-this
,here-for-more
,knowsitall
,selfip
,webhop
,barsy
,mayfirst
,forumz
,nsupdate
,dvrcam
,ilovecollege
,no-ip
,dnsupdate
,v-info
<nz
>cloudns
,co
>blogspot
<
<ph
>cloudns
<pw
>cloudns
,x443
<us
>cloudns
,drud
,is-by
,land-4-sale
,stuff-4-sale
,heliohost
,enscaled
>phx
<mircloud
,ngo
,freeddns
,golffan
,noip
,pointto
,srv
>gh
,gl
<platterp
,servername
,de
>lib
<
<gdn
>cnpy
<nl
>co
,hosting-cluster
,blogspot
,gov
,khplay
,123website
,myspreadshop
,transurl
>
*
<cistron
,demon
<no
>co
,blogspot
,123hjemmeside
,myspreadshop
<ru
>ac
,edu
,gov
,int
,mil
,test
,eurodir
,adygeya
,bashkiria
,bir
,cbg
,com
,dagestan
,grozny
,kalmykia
,kustanai
,marine
,mordovia
,msk
,mytis
,nalchik
,nov
,pyatigorsk
,spb
,vladikavkaz
,vladimir
,blogspot
,na4u
,mircloud
,regruhosting
>jelastic
<myjino
>hosting
>
*
<landing
>
*
<spectrum
>
*
<vps
>
*
<
<cldmail
>hb
<mcdir
>vps
<mcpre
,net
,org
,pp
,lk3
,ras
<email
>crisp
>on
<tawk
>p
<tawkto
>p
<
<is
>cupcake
,blogspot
<dk
>biz
,co
,firm
,reg
,store
,blogspot
,123hjemmeside
,myspreadshop
<earth
>dapps
>
*
,bzz
>
*
<
<
<id
>my
>rss
>
*
<
<flap
,co
>blogspot
<forte
<solutions
>diher
>
*
<
<th
>online
,shop
<sh
>bip
,hashbang
,platform
>ent
,eu
,us
<now
,wedeploy
<fi
>dy
,blogspot
,xn--hkkinen-5wa
,iki
,cloudplatform
>fi
<datacenter
>demo
,paas
<kapsi
,123kotisivu
,myspreadshop
<name
>her
>forgot
<his
>forgot
<
<nu
>merseine
,mine
,shacknet
,enterprisecloud
<tv
>better-than
,dyndns
,on-the-web
,worse-than
,from
,sakura
<kg
>us
<rocks
>myddns
,stackit
,lima-city
,webspace
<xyz
>blogsite
,localzone
,crafting
,zapto
,telebit
>
*
<
<tw
>com
>mymailer
<url
,mydns
,blogspot
<camp
>emf
>at
<
<ht
>rt
<cool
>elementor
,de
<fr
>en-root
,fbx-os
,fbxos
,freebox-os
,freeboxos
,blogspot
,goupile
,123siteweb
,on-web
,chirurgiens-dentistes-en-france
,dedibox
,aeroport
,avocat
,chambagri
,chirurgiens-dentistes
,experts-comptables
,medecin
,notaires
,pharmacien
,port
,veterinaire
,myspreadshop
,ynh
<one
>onred
>staging
<kin
>
*
<service
,homelink
<su
>abkhazia
,adygeya
,aktyubinsk
,arkhangelsk
,armenia
,ashgabad
,azerbaijan
,balashov
,bashkiria
,bryansk
,bukhara
,chimkent
,dagestan
,east-kazakhstan
,exnet
,georgia
,grozny
,ivanovo
,jambyl
,kalmykia
,kaluga
,karacol
,karaganda
,karelia
,khakassia
,krasnodar
,kurgan
,kustanai
,lenug
,mangyshlak
,mordovia
,msk
,murmansk
,nalchik
,navoi
,north-kazakhstan
,nov
,obninsk
,penza
,pokrovsk
,sochi
,spb
,tashkent
,termez
,togliatti
,troitsk
,tselinograd
,tula
,tuva
,vladikavkaz
,vladimir
,vologda
<space
>myfast
,heiyu
,uber
,xs4all
<media
>framer
<photos
>framer
<website
>framer
<wiki
>framer
<il
>co
>ravpage
,blogspot
,mytabit
,tabitorder
<
<at
>funkfeuer
>wien
<futurecms
>
*
,ex
>
*
<in
>
*
<
<futurehosting
,futuremailing
,ortsinfo
>ex
>
*
<kunden
>
*
<
<co
>blogspot
<biz
,info
,123webseite
,priv
,myspreadshop
,12hp
,2ix
,4lima
,lima-city
<ms
>lab
,minisite
<work
>corpnet
<community
>nog
,ravendb
,myforum
<ro
>co
,shop
,blogspot
,barsy
<design
>graphic
,bss
<digital
>cloudapps
>london
<
<ae
>blogspot
<al
>blogspot
<ar
>com
>blogspot
<
<au
>com
>blogspot
,cloudlets
>mel
<myspreadshop
<
<bg
>blogspot
,barsy
<bj
>blogspot
<br
>com
>blogspot
,simplesite
<leg
>ac
,al
,am
,ap
,ba
,ce
,df
,es
,go
,ma
,mg
,ms
,mt
,pa
,pb
,pe
,pi
,pr
,rj
,rn
,ro
,rr
,rs
,sc
,se
,sp
,to
<
<by
>com
>blogspot
<mycloud
,mediatech
<cf
>blogspot
<cv
>blogspot
<cy
>com
>blogspot
,scaleforce
>j
<
<
<ee
>com
>blogspot
<
<eg
>com
>blogspot
<
<es
>com
>blogspot
<123miweb
,myspreadshop
<goog
>cloud
,translate
,usercontent
>
*
<
<gr
>blogspot
,barsy
,simplesite
<hk
>blogspot
,secaas
,inc
,ltd
<hu
>blogspot
<ie
>blogspot
,myspreadshop
<ke
>co
>blogspot
<
<kr
>blogspot
<li
>blogspot
,caa
<lt
>blogspot
<lu
>blogspot
,123website
<md
>blogspot
,ir
<mk
>blogspot
<mr
>blogspot
<mt
>com
>blogspot
<
<mx
>blogspot
<my
>blogspot
<ng
>com
>blogspot
<col
,firm
,gen
,ltd
,ngo
<pe
>blogspot
<pt
>blogspot
,123paginaweb
<qa
>blogspot
<re
>blogspot
,can
<sg
>blogspot
,enscaled
<sk
>blogspot
<sn
>blogspot
<td
>blogspot
<tr
>com
>blogspot
<
<ug
>blogspot
<uy
>com
>blogspot
<
<vn
>blogspot
<za
>co
>blogspot
<
<ci
>fin
<run
>hs
,development
,ravendb
,servers
,build
>
*
<code
>
*
<database
>
*
<migration
>
*
<onporter
,repl
,stackit
,val
>express
,web
<wix
<st
>helioho
,kirara
,noho
<pub
>id
>
*
<kin
>
*
<barsy
<gl
>biz
<scot
>edu
,gov
>service
<
<so
>sch
,surveys
<kz
>jcloud
,kazteleport
>upaas
<
<tn
>orangecloud
<gg
>kaas
,stackit
,panel
>daemon
<
<systems
>knightpoint
<events
>koobin
,co
<krd
>co
,edu
<business
>co
<education
>co
<financial
>co
<place
>co
<technology
>co
<bs
>we
<services
>loginline
<menu
>barsy
,barsyonline
<mobi
>barsy
,dscloud
<store
>barsy
,sellfy
,shopware
,storebase
<support
>barsy
<health
>hra
<casa
>nabu
>ui
<
<pizza
>ngrok
<news
>noticeable
<top
>now-dns
,ntdll
,wadl
>
*
<
<ovh
>nerdpol
<mn
>nyc
<ong
>obl
<lol
>omg
<hosting
>opencraft
<orange
>tech
<pm
>own
,name
<codes
>owo
>
*
<
<lc
>oy
<games
>pley
,sheezy
<bn
>co
<today
>prequalifyme
<builders
>cloudsite
<edu
>rit
>git-pages
<
<xn--p1acf
>xn--90amc
,xn--j1aef
,xn--j1ael8b
,xn--h1ahn
,xn--j1adp
,xn--c1avg
,xn--80aaa0cvac
,xn--h1aliz
,xn--90a1af
,xn--41a
<mom
>ind
<land
>static
>dev
,sites
<
<farm
>storj
<pictures
>1337
<rip
>clan
<tf
>sch
<wf
>biz
,sch
<yt
>org
<management
>router
<academy
>official
<faith
>ybo
<party
>ybo
<review
>ybo
<science
>ybo
<trade
>ybo"
`;
